Splitting dataset into train/validation...
Train: 12418, Val: 1380
{'loss': 4.3804, 'grad_norm': 3.0407299995422363, 'learning_rate': 0.00019961365099806827, 'epoch': 0.01}
{'loss': 0.447, 'grad_norm': 0.5817793011665344, 'learning_rate': 0.0001991843743292552, 'epoch': 0.01}
{'loss': 0.3864, 'grad_norm': 0.5178747773170471, 'learning_rate': 0.00019875509766044216, 'epoch': 0.02}
{'loss': 0.2992, 'grad_norm': 0.42412638664245605, 'learning_rate': 0.0001983258209916291, 'epoch': 0.03}
{'loss': 0.3408, 'grad_norm': 0.39679500460624695, 'learning_rate': 0.00019789654432281605, 'epoch': 0.03}
{'loss': 0.3109, 'grad_norm': 0.43715789914131165, 'learning_rate': 0.00019746726765400302, 'epoch': 0.04}
{'loss': 0.2924, 'grad_norm': 0.3352281153202057, 'learning_rate': 0.00019703799098518996, 'epoch': 0.05}
{'loss': 0.2703, 'grad_norm': 0.3760666251182556, 'learning_rate': 0.0001966087143163769, 'epoch': 0.05}
{'loss': 0.2619, 'grad_norm': 0.38992807269096375, 'learning_rate': 0.00019617943764756385, 'epoch': 0.06}
{'loss': 0.2848, 'grad_norm': 0.6402007937431335, 'learning_rate': 0.0001957501609787508, 'epoch': 0.06}
{'eval_loss': 0.2537468373775482, 'eval_runtime': 59.6628, 'eval_samples_per_second': 23.13, 'eval_steps_per_second': 11.565, 'epoch': 0.06}
{'loss': 0.268, 'grad_norm': 0.478681355714798, 'learning_rate': 0.00019532088430993777, 'epoch': 0.07}
{'loss': 0.2427, 'grad_norm': 0.6049267053604126, 'learning_rate': 0.00019489160764112471, 'epoch': 0.08}
{'loss': 0.2501, 'grad_norm': 0.6080378890037537, 'learning_rate': 0.00019446233097231166, 'epoch': 0.08}
{'loss': 0.2304, 'grad_norm': 0.4924575686454773, 'learning_rate': 0.0001940330543034986, 'epoch': 0.09}
{'loss': 0.2649, 'grad_norm': 0.5087893009185791, 'learning_rate': 0.00019360377763468555, 'epoch': 0.1}
{'loss': 0.2111, 'grad_norm': 0.47507384419441223, 'learning_rate': 0.0001931745009658725, 'epoch': 0.1}
{'loss': 0.1855, 'grad_norm': 0.666732907295227, 'learning_rate': 0.00019274522429705947, 'epoch': 0.11}
{'loss': 0.2068, 'grad_norm': 0.5399386882781982, 'learning_rate': 0.0001923159476282464, 'epoch': 0.12}
{'loss': 0.2706, 'grad_norm': 0.6318010091781616, 'learning_rate': 0.00019188667095943336, 'epoch': 0.12}
{'loss': 0.1946, 'grad_norm': 0.47946879267692566, 'learning_rate': 0.0001914573942906203, 'epoch': 0.13}
{'eval_loss': 0.21449895203113556, 'eval_runtime': 59.9517, 'eval_samples_per_second': 23.019, 'eval_steps_per_second': 11.509, 'epoch': 0.13}
{'loss': 0.2132, 'grad_norm': 0.709381103515625, 'learning_rate': 0.00019102811762180725, 'epoch': 0.14}
{'loss': 0.2144, 'grad_norm': 0.5208654999732971, 'learning_rate': 0.00019059884095299422, 'epoch': 0.14}
{'loss': 0.2049, 'grad_norm': 0.60167396068573, 'learning_rate': 0.00019016956428418116, 'epoch': 0.15}
{'loss': 0.2014, 'grad_norm': 0.7874701023101807, 'learning_rate': 0.0001897402876153681, 'epoch': 0.15}
{'loss': 0.2129, 'grad_norm': 0.822187602519989, 'learning_rate': 0.00018931101094655505, 'epoch': 0.16}
{'loss': 0.1723, 'grad_norm': 0.7006474137306213, 'learning_rate': 0.000188881734277742, 'epoch': 0.17}
{'loss': 0.173, 'grad_norm': 0.7599741816520691, 'learning_rate': 0.00018845245760892894, 'epoch': 0.17}
{'loss': 0.1759, 'grad_norm': 0.5072543025016785, 'learning_rate': 0.00018802318094011592, 'epoch': 0.18}
{'loss': 0.229, 'grad_norm': 0.6146864891052246, 'learning_rate': 0.00018759390427130286, 'epoch': 0.19}
{'loss': 0.166, 'grad_norm': 0.47243502736091614, 'learning_rate': 0.0001871646276024898, 'epoch': 0.19}
{'eval_loss': 0.18440644443035126, 'eval_runtime': 60.0735, 'eval_samples_per_second': 22.972, 'eval_steps_per_second': 11.486, 'epoch': 0.19}
{'loss': 0.1763, 'grad_norm': 0.5405078530311584, 'learning_rate': 0.00018673535093367675, 'epoch': 0.2}
{'loss': 0.1819, 'grad_norm': 0.8676806688308716, 'learning_rate': 0.0001863060742648637, 'epoch': 0.21}
{'loss': 0.2024, 'grad_norm': 0.5934164524078369, 'learning_rate': 0.00018587679759605067, 'epoch': 0.21}
{'loss': 0.1732, 'grad_norm': 0.4816151559352875, 'learning_rate': 0.0001854475209272376, 'epoch': 0.22}
{'loss': 0.1789, 'grad_norm': 0.5610256195068359, 'learning_rate': 0.00018501824425842456, 'epoch': 0.23}
{'loss': 0.19, 'grad_norm': 0.6486479043960571, 'learning_rate': 0.0001845889675896115, 'epoch': 0.23}
{'loss': 0.1244, 'grad_norm': 0.5422216057777405, 'learning_rate': 0.00018415969092079845, 'epoch': 0.24}
{'loss': 0.1885, 'grad_norm': 0.7855091094970703, 'learning_rate': 0.0001837304142519854, 'epoch': 0.24}
{'loss': 0.1413, 'grad_norm': 0.4507746696472168, 'learning_rate': 0.00018330113758317237, 'epoch': 0.25}
{'loss': 0.1633, 'grad_norm': 0.5402660369873047, 'learning_rate': 0.0001828718609143593, 'epoch': 0.26}
{'eval_loss': 0.1639384627342224, 'eval_runtime': 59.9943, 'eval_samples_per_second': 23.002, 'eval_steps_per_second': 11.501, 'epoch': 0.26}
{'loss': 0.1553, 'grad_norm': 0.9296799302101135, 'learning_rate': 0.00018244258424554626, 'epoch': 0.26}
{'loss': 0.2117, 'grad_norm': 0.5198810696601868, 'learning_rate': 0.0001820133075767332, 'epoch': 0.27}
{'loss': 0.1445, 'grad_norm': 0.5951313972473145, 'learning_rate': 0.00018158403090792015, 'epoch': 0.28}
{'loss': 0.1488, 'grad_norm': 0.6037570834159851, 'learning_rate': 0.00018115475423910712, 'epoch': 0.28}
{'loss': 0.1261, 'grad_norm': 0.5312662720680237, 'learning_rate': 0.00018072547757029406, 'epoch': 0.29}
{'loss': 0.1588, 'grad_norm': 0.8958166241645813, 'learning_rate': 0.000180296200901481, 'epoch': 0.3}
{'loss': 0.1837, 'grad_norm': 1.199870228767395, 'learning_rate': 0.00017986692423266795, 'epoch': 0.3}
{'loss': 0.1207, 'grad_norm': 0.5790208578109741, 'learning_rate': 0.0001794376475638549, 'epoch': 0.31}
{'loss': 0.1515, 'grad_norm': 0.6081742644309998, 'learning_rate': 0.00017900837089504184, 'epoch': 0.32}
{'loss': 0.1617, 'grad_norm': 0.7204068303108215, 'learning_rate': 0.00017857909422622882, 'epoch': 0.32}
{'eval_loss': 0.15330056846141815, 'eval_runtime': 59.954, 'eval_samples_per_second': 23.018, 'eval_steps_per_second': 11.509, 'epoch': 0.32}
{'loss': 0.1577, 'grad_norm': 0.6463168859481812, 'learning_rate': 0.00017814981755741576, 'epoch': 0.33}
{'loss': 0.1611, 'grad_norm': 0.43138808012008667, 'learning_rate': 0.0001777205408886027, 'epoch': 0.33}
{'loss': 0.1231, 'grad_norm': 0.4442966878414154, 'learning_rate': 0.00017729126421978965, 'epoch': 0.34}
{'loss': 0.1442, 'grad_norm': 0.6218720078468323, 'learning_rate': 0.0001768619875509766, 'epoch': 0.35}
{'loss': 0.159, 'grad_norm': 0.6595197319984436, 'learning_rate': 0.00017643271088216357, 'epoch': 0.35}
{'loss': 0.1359, 'grad_norm': 0.5777373909950256, 'learning_rate': 0.0001760034342133505, 'epoch': 0.36}
{'loss': 0.1322, 'grad_norm': 0.4758758246898651, 'learning_rate': 0.00017557415754453746, 'epoch': 0.37}
{'loss': 0.1746, 'grad_norm': 0.44986626505851746, 'learning_rate': 0.0001751448808757244, 'epoch': 0.37}
{'loss': 0.1204, 'grad_norm': 0.37320080399513245, 'learning_rate': 0.00017471560420691135, 'epoch': 0.38}
{'loss': 0.1325, 'grad_norm': 0.7615585923194885, 'learning_rate': 0.0001742863275380983, 'epoch': 0.39}
{'eval_loss': 0.1460898369550705, 'eval_runtime': 60.6169, 'eval_samples_per_second': 22.766, 'eval_steps_per_second': 11.383, 'epoch': 0.39}
{'loss': 0.1277, 'grad_norm': 0.42363423109054565, 'learning_rate': 0.00017385705086928526, 'epoch': 0.39}
{'loss': 0.1211, 'grad_norm': 0.3440960943698883, 'learning_rate': 0.0001734277742004722, 'epoch': 0.4}
{'loss': 0.1273, 'grad_norm': 0.6099276542663574, 'learning_rate': 0.00017299849753165915, 'epoch': 0.41}
{'loss': 0.1301, 'grad_norm': 0.6293041110038757, 'learning_rate': 0.0001725692208628461, 'epoch': 0.41}
{'loss': 0.1181, 'grad_norm': 0.4882982671260834, 'learning_rate': 0.00017213994419403304, 'epoch': 0.42}
{'loss': 0.1558, 'grad_norm': 0.3567936420440674, 'learning_rate': 0.00017171066752522002, 'epoch': 0.43}
{'loss': 0.1565, 'grad_norm': 0.5096558928489685, 'learning_rate': 0.00017128139085640696, 'epoch': 0.43}
{'loss': 0.1423, 'grad_norm': 0.7858064770698547, 'learning_rate': 0.0001708521141875939, 'epoch': 0.44}
{'loss': 0.1238, 'grad_norm': 0.3808780312538147, 'learning_rate': 0.00017042283751878085, 'epoch': 0.44}
{'loss': 0.1465, 'grad_norm': 0.6511477828025818, 'learning_rate': 0.0001699935608499678, 'epoch': 0.45}
{'eval_loss': 0.14223000407218933, 'eval_runtime': 60.1286, 'eval_samples_per_second': 22.951, 'eval_steps_per_second': 11.475, 'epoch': 0.45}
{'loss': 0.1552, 'grad_norm': 0.39566391706466675, 'learning_rate': 0.00016956428418115474, 'epoch': 0.46}
{'loss': 0.1256, 'grad_norm': 0.8340907096862793, 'learning_rate': 0.00016913500751234171, 'epoch': 0.46}
{'loss': 0.1407, 'grad_norm': 0.44997426867485046, 'learning_rate': 0.00016870573084352866, 'epoch': 0.47}
{'loss': 0.1475, 'grad_norm': 0.4446692168712616, 'learning_rate': 0.0001682764541747156, 'epoch': 0.48}
{'loss': 0.1195, 'grad_norm': 0.7459776401519775, 'learning_rate': 0.00016784717750590255, 'epoch': 0.48}
{'loss': 0.1468, 'grad_norm': 0.3703021705150604, 'learning_rate': 0.0001674179008370895, 'epoch': 0.49}
{'loss': 0.1237, 'grad_norm': 0.3871535062789917, 'learning_rate': 0.00016698862416827647, 'epoch': 0.5}
{'loss': 0.1389, 'grad_norm': 0.5528758764266968, 'learning_rate': 0.0001665593474994634, 'epoch': 0.5}
{'loss': 0.1467, 'grad_norm': 0.42102956771850586, 'learning_rate': 0.00016613007083065036, 'epoch': 0.51}
{'loss': 0.1452, 'grad_norm': 0.6100137233734131, 'learning_rate': 0.0001657007941618373, 'epoch': 0.52}
{'eval_loss': 0.13647954165935516, 'eval_runtime': 60.3348, 'eval_samples_per_second': 22.872, 'eval_steps_per_second': 11.436, 'epoch': 0.52}
{'loss': 0.1227, 'grad_norm': 0.3029712438583374, 'learning_rate': 0.00016527151749302425, 'epoch': 0.52}
{'loss': 0.1471, 'grad_norm': 0.6375693678855896, 'learning_rate': 0.0001648422408242112, 'epoch': 0.53}
{'loss': 0.1632, 'grad_norm': 0.6441423892974854, 'learning_rate': 0.00016441296415539816, 'epoch': 0.53}
{'loss': 0.1388, 'grad_norm': 0.36742711067199707, 'learning_rate': 0.0001639836874865851, 'epoch': 0.54}
{'loss': 0.1643, 'grad_norm': 0.38908565044403076, 'learning_rate': 0.00016355441081777205, 'epoch': 0.55}
{'loss': 0.1331, 'grad_norm': 0.5657426118850708, 'learning_rate': 0.000163125134148959, 'epoch': 0.55}
{'loss': 0.1234, 'grad_norm': 0.4887261390686035, 'learning_rate': 0.00016269585748014594, 'epoch': 0.56}
{'loss': 0.1299, 'grad_norm': 0.4523232579231262, 'learning_rate': 0.00016226658081133292, 'epoch': 0.57}
{'loss': 0.1472, 'grad_norm': 0.4228478670120239, 'learning_rate': 0.00016183730414251986, 'epoch': 0.57}
{'loss': 0.1378, 'grad_norm': 0.5036472082138062, 'learning_rate': 0.0001614080274737068, 'epoch': 0.58}
{'eval_loss': 0.13405553996562958, 'eval_runtime': 60.3576, 'eval_samples_per_second': 22.864, 'eval_steps_per_second': 11.432, 'epoch': 0.58}
{'loss': 0.1329, 'grad_norm': 0.7378230094909668, 'learning_rate': 0.00016097875080489375, 'epoch': 0.59}
{'loss': 0.1636, 'grad_norm': 0.4424477815628052, 'learning_rate': 0.0001605494741360807, 'epoch': 0.59}
{'loss': 0.1054, 'grad_norm': 0.4653208553791046, 'learning_rate': 0.00016012019746726764, 'epoch': 0.6}
{'loss': 0.1219, 'grad_norm': 0.6343602538108826, 'learning_rate': 0.0001596909207984546, 'epoch': 0.61}
{'loss': 0.117, 'grad_norm': 0.5004193782806396, 'learning_rate': 0.00015926164412964156, 'epoch': 0.61}
{'loss': 0.1338, 'grad_norm': 0.6127098798751831, 'learning_rate': 0.0001588323674608285, 'epoch': 0.62}
{'loss': 0.1383, 'grad_norm': 0.7582396864891052, 'learning_rate': 0.00015840309079201545, 'epoch': 0.62}
{'loss': 0.1309, 'grad_norm': 0.39577895402908325, 'learning_rate': 0.0001579738141232024, 'epoch': 0.63}
{'loss': 0.1342, 'grad_norm': 0.5260258316993713, 'learning_rate': 0.00015754453745438936, 'epoch': 0.64}
{'loss': 0.1373, 'grad_norm': 0.3186724781990051, 'learning_rate': 0.0001571152607855763, 'epoch': 0.64}
{'eval_loss': 0.13160869479179382, 'eval_runtime': 60.5014, 'eval_samples_per_second': 22.809, 'eval_steps_per_second': 11.405, 'epoch': 0.64}
{'loss': 0.1527, 'grad_norm': 0.41283151507377625, 'learning_rate': 0.00015668598411676325, 'epoch': 0.65}
{'loss': 0.1385, 'grad_norm': 0.4761391878128052, 'learning_rate': 0.0001562567074479502, 'epoch': 0.66}
{'loss': 0.1549, 'grad_norm': 0.32354262471199036, 'learning_rate': 0.00015582743077913714, 'epoch': 0.66}
{'loss': 0.1229, 'grad_norm': 0.45641377568244934, 'learning_rate': 0.0001553981541103241, 'epoch': 0.67}
{'loss': 0.1276, 'grad_norm': 0.5138896703720093, 'learning_rate': 0.00015496887744151106, 'epoch': 0.68}
{'loss': 0.1201, 'grad_norm': 0.4671632945537567, 'learning_rate': 0.000154539600772698, 'epoch': 0.68}
{'loss': 0.1111, 'grad_norm': 0.4392489492893219, 'learning_rate': 0.00015411032410388495, 'epoch': 0.69}
{'loss': 0.1222, 'grad_norm': 0.5910990834236145, 'learning_rate': 0.0001536810474350719, 'epoch': 0.7}
{'loss': 0.1124, 'grad_norm': 0.3528597354888916, 'learning_rate': 0.00015325177076625884, 'epoch': 0.7}
{'loss': 0.1054, 'grad_norm': 0.3115653097629547, 'learning_rate': 0.00015282249409744581, 'epoch': 0.71}
{'eval_loss': 0.12922503054141998, 'eval_runtime': 60.6498, 'eval_samples_per_second': 22.754, 'eval_steps_per_second': 11.377, 'epoch': 0.71}
{'loss': 0.1351, 'grad_norm': 0.5185093879699707, 'learning_rate': 0.00015239321742863276, 'epoch': 0.72}
{'loss': 0.1315, 'grad_norm': 0.41411450505256653, 'learning_rate': 0.0001519639407598197, 'epoch': 0.72}
{'loss': 0.1213, 'grad_norm': 0.373055636882782, 'learning_rate': 0.00015153466409100665, 'epoch': 0.73}
{'loss': 0.1367, 'grad_norm': 0.3703887164592743, 'learning_rate': 0.0001511053874221936, 'epoch': 0.73}
{'loss': 0.1795, 'grad_norm': 0.49435868859291077, 'learning_rate': 0.00015067611075338054, 'epoch': 0.74}
{'loss': 0.1569, 'grad_norm': 0.4414787292480469, 'learning_rate': 0.0001502468340845675, 'epoch': 0.75}
{'loss': 0.1272, 'grad_norm': 0.46555644273757935, 'learning_rate': 0.00014981755741575446, 'epoch': 0.75}
{'loss': 0.1173, 'grad_norm': 0.4615744352340698, 'learning_rate': 0.0001493882807469414, 'epoch': 0.76}
{'loss': 0.1123, 'grad_norm': 0.4736221730709076, 'learning_rate': 0.00014895900407812835, 'epoch': 0.77}
{'loss': 0.1121, 'grad_norm': 0.5664392113685608, 'learning_rate': 0.0001485297274093153, 'epoch': 0.77}
{'eval_loss': 0.12738557159900665, 'eval_runtime': 60.567, 'eval_samples_per_second': 22.785, 'eval_steps_per_second': 11.392, 'epoch': 0.77}
{'loss': 0.121, 'grad_norm': 0.42456337809562683, 'learning_rate': 0.00014810045074050226, 'epoch': 0.78}
{'loss': 0.1209, 'grad_norm': 0.4363228976726532, 'learning_rate': 0.0001476711740716892, 'epoch': 0.79}
{'loss': 0.1182, 'grad_norm': 0.3054017424583435, 'learning_rate': 0.00014724189740287615, 'epoch': 0.79}
{'loss': 0.1268, 'grad_norm': 0.35947686433792114, 'learning_rate': 0.0001468126207340631, 'epoch': 0.8}
{'loss': 0.1035, 'grad_norm': 0.47793471813201904, 'learning_rate': 0.00014638334406525004, 'epoch': 0.81}
{'loss': 0.117, 'grad_norm': 0.6933630108833313, 'learning_rate': 0.000145954067396437, 'epoch': 0.81}
{'loss': 0.1356, 'grad_norm': 0.36095696687698364, 'learning_rate': 0.00014552479072762396, 'epoch': 0.82}
{'loss': 0.1111, 'grad_norm': 0.6305169463157654, 'learning_rate': 0.0001450955140588109, 'epoch': 0.82}
{'loss': 0.1152, 'grad_norm': 0.5192673206329346, 'learning_rate': 0.00014466623738999785, 'epoch': 0.83}
{'loss': 0.1342, 'grad_norm': 0.4024575352668762, 'learning_rate': 0.0001442369607211848, 'epoch': 0.84}
{'eval_loss': 0.12641790509223938, 'eval_runtime': 60.4716, 'eval_samples_per_second': 22.821, 'eval_steps_per_second': 11.41, 'epoch': 0.84}
{'loss': 0.0932, 'grad_norm': 0.4089544713497162, 'learning_rate': 0.00014380768405237174, 'epoch': 0.84}
{'loss': 0.1043, 'grad_norm': 0.4627225399017334, 'learning_rate': 0.0001433784073835587, 'epoch': 0.85}
{'loss': 0.0925, 'grad_norm': 0.49909695982933044, 'learning_rate': 0.00014294913071474566, 'epoch': 0.86}
{'loss': 0.1701, 'grad_norm': 0.3416517376899719, 'learning_rate': 0.00014251985404593263, 'epoch': 0.86}
{'loss': 0.12, 'grad_norm': 0.5240738391876221, 'learning_rate': 0.00014209057737711957, 'epoch': 0.87}
{'loss': 0.1524, 'grad_norm': 0.7172723412513733, 'learning_rate': 0.00014166130070830652, 'epoch': 0.88}
{'loss': 0.1418, 'grad_norm': 0.538679838180542, 'learning_rate': 0.00014123202403949346, 'epoch': 0.88}
{'loss': 0.0989, 'grad_norm': 0.4575079381465912, 'learning_rate': 0.0001408027473706804, 'epoch': 0.89}
{'loss': 0.1069, 'grad_norm': 0.597525954246521, 'learning_rate': 0.00014037347070186738, 'epoch': 0.9}
{'loss': 0.1019, 'grad_norm': 0.4449004828929901, 'learning_rate': 0.00013994419403305433, 'epoch': 0.9}
{'eval_loss': 0.12442078441381454, 'eval_runtime': 60.5958, 'eval_samples_per_second': 22.774, 'eval_steps_per_second': 11.387, 'epoch': 0.9}
{'loss': 0.1514, 'grad_norm': 0.4640038311481476, 'learning_rate': 0.00013951491736424127, 'epoch': 0.91}
{'loss': 0.125, 'grad_norm': 0.4406716227531433, 'learning_rate': 0.00013908564069542822, 'epoch': 0.91}
{'loss': 0.1441, 'grad_norm': 0.3773539960384369, 'learning_rate': 0.00013865636402661516, 'epoch': 0.92}
{'loss': 0.1033, 'grad_norm': 0.3528980016708374, 'learning_rate': 0.00013822708735780213, 'epoch': 0.93}
{'loss': 0.1282, 'grad_norm': 0.48611706495285034, 'learning_rate': 0.00013779781068898908, 'epoch': 0.93}
{'loss': 0.1359, 'grad_norm': 0.39895185828208923, 'learning_rate': 0.00013736853402017602, 'epoch': 0.94}
{'loss': 0.1191, 'grad_norm': 0.3725140690803528, 'learning_rate': 0.00013693925735136297, 'epoch': 0.95}
{'loss': 0.1241, 'grad_norm': 0.4132206439971924, 'learning_rate': 0.00013650998068254991, 'epoch': 0.95}
{'loss': 0.1076, 'grad_norm': 0.4380166232585907, 'learning_rate': 0.00013608070401373686, 'epoch': 0.96}
{'loss': 0.1065, 'grad_norm': 0.37756985425949097, 'learning_rate': 0.00013565142734492383, 'epoch': 0.97}
{'eval_loss': 0.12229815125465393, 'eval_runtime': 60.8313, 'eval_samples_per_second': 22.686, 'eval_steps_per_second': 11.343, 'epoch': 0.97}
{'loss': 0.0947, 'grad_norm': 0.4166012704372406, 'learning_rate': 0.00013522215067611078, 'epoch': 0.97}
{'loss': 0.1168, 'grad_norm': 0.36406078934669495, 'learning_rate': 0.00013479287400729772, 'epoch': 0.98}
{'loss': 0.139, 'grad_norm': 0.4913058876991272, 'learning_rate': 0.00013436359733848467, 'epoch': 0.99}
{'loss': 0.1097, 'grad_norm': 0.3921031951904297, 'learning_rate': 0.0001339343206696716, 'epoch': 0.99}
{'loss': 0.1207, 'grad_norm': 0.5877215266227722, 'learning_rate': 0.00013350504400085858, 'epoch': 1.0}
{'loss': 0.1144, 'grad_norm': 0.47790589928627014, 'learning_rate': 0.00013307576733204553, 'epoch': 1.0}
{'loss': 0.1212, 'grad_norm': 0.4915922284126282, 'learning_rate': 0.00013264649066323247, 'epoch': 1.01}
{'loss': 0.1068, 'grad_norm': 0.5399407148361206, 'learning_rate': 0.00013221721399441942, 'epoch': 1.02}
{'loss': 0.1069, 'grad_norm': 0.33661872148513794, 'learning_rate': 0.00013178793732560636, 'epoch': 1.02}
{'loss': 0.0972, 'grad_norm': 0.42515698075294495, 'learning_rate': 0.0001313586606567933, 'epoch': 1.03}
{'eval_loss': 0.12234480679035187, 'eval_runtime': 60.6061, 'eval_samples_per_second': 22.77, 'eval_steps_per_second': 11.385, 'epoch': 1.03}
{'loss': 0.0938, 'grad_norm': 0.52907395362854, 'learning_rate': 0.00013092938398798028, 'epoch': 1.04}
{'loss': 0.1045, 'grad_norm': 0.39061206579208374, 'learning_rate': 0.00013050010731916723, 'epoch': 1.04}
{'loss': 0.1031, 'grad_norm': 0.37978386878967285, 'learning_rate': 0.00013007083065035417, 'epoch': 1.05}
{'loss': 0.0889, 'grad_norm': 0.4214368462562561, 'learning_rate': 0.00012964155398154112, 'epoch': 1.06}
{'loss': 0.1136, 'grad_norm': 0.43220585584640503, 'learning_rate': 0.00012921227731272806, 'epoch': 1.06}
{'loss': 0.0891, 'grad_norm': 0.4375200569629669, 'learning_rate': 0.00012878300064391503, 'epoch': 1.07}
{'loss': 0.1046, 'grad_norm': 0.4034830629825592, 'learning_rate': 0.00012835372397510198, 'epoch': 1.08}
{'loss': 0.0843, 'grad_norm': 0.4346381723880768, 'learning_rate': 0.00012792444730628892, 'epoch': 1.08}
{'loss': 0.1284, 'grad_norm': 0.40167778730392456, 'learning_rate': 0.00012749517063747587, 'epoch': 1.09}
{'loss': 0.115, 'grad_norm': 0.37707221508026123, 'learning_rate': 0.0001270658939686628, 'epoch': 1.09}
{'eval_loss': 0.12056071311235428, 'eval_runtime': 60.3128, 'eval_samples_per_second': 22.881, 'eval_steps_per_second': 11.44, 'epoch': 1.09}
{'loss': 0.1017, 'grad_norm': 0.4933749735355377, 'learning_rate': 0.00012663661729984976, 'epoch': 1.1}
{'loss': 0.1476, 'grad_norm': 0.3746859133243561, 'learning_rate': 0.00012620734063103673, 'epoch': 1.11}
{'loss': 0.1195, 'grad_norm': 0.5187464356422424, 'learning_rate': 0.00012577806396222367, 'epoch': 1.11}
{'loss': 0.1284, 'grad_norm': 0.36673426628112793, 'learning_rate': 0.00012534878729341062, 'epoch': 1.12}
{'loss': 0.1219, 'grad_norm': 0.43222999572753906, 'learning_rate': 0.00012491951062459756, 'epoch': 1.13}
{'loss': 0.1049, 'grad_norm': 0.48249757289886475, 'learning_rate': 0.0001244902339557845, 'epoch': 1.13}
{'loss': 0.1025, 'grad_norm': 0.4758824110031128, 'learning_rate': 0.00012406095728697148, 'epoch': 1.14}
{'loss': 0.126, 'grad_norm': 0.39688464999198914, 'learning_rate': 0.00012363168061815843, 'epoch': 1.15}
{'loss': 0.1218, 'grad_norm': 0.579582154750824, 'learning_rate': 0.00012320240394934537, 'epoch': 1.15}
{'loss': 0.0969, 'grad_norm': 0.36254897713661194, 'learning_rate': 0.00012277312728053232, 'epoch': 1.16}
{'eval_loss': 0.11924668401479721, 'eval_runtime': 60.343, 'eval_samples_per_second': 22.869, 'eval_steps_per_second': 11.435, 'epoch': 1.16}
{'loss': 0.1077, 'grad_norm': 0.3580441176891327, 'learning_rate': 0.00012234385061171926, 'epoch': 1.17}
{'loss': 0.102, 'grad_norm': 0.4994014799594879, 'learning_rate': 0.00012191457394290622, 'epoch': 1.17}
{'loss': 0.1181, 'grad_norm': 0.6359909176826477, 'learning_rate': 0.00012148529727409317, 'epoch': 1.18}
{'loss': 0.1125, 'grad_norm': 0.42733830213546753, 'learning_rate': 0.00012105602060528012, 'epoch': 1.18}
{'loss': 0.1172, 'grad_norm': 0.5345256924629211, 'learning_rate': 0.00012062674393646707, 'epoch': 1.19}
{'loss': 0.1171, 'grad_norm': 0.4284159243106842, 'learning_rate': 0.00012019746726765401, 'epoch': 1.2}
{'loss': 0.1492, 'grad_norm': 0.4469834268093109, 'learning_rate': 0.00011976819059884097, 'epoch': 1.2}
{'loss': 0.1036, 'grad_norm': 0.40797287225723267, 'learning_rate': 0.00011933891393002792, 'epoch': 1.21}
{'loss': 0.1002, 'grad_norm': 0.3846350610256195, 'learning_rate': 0.00011890963726121486, 'epoch': 1.22}
{'loss': 0.1139, 'grad_norm': 0.41391775012016296, 'learning_rate': 0.00011848036059240182, 'epoch': 1.22}
{'eval_loss': 0.1181824579834938, 'eval_runtime': 60.3254, 'eval_samples_per_second': 22.876, 'eval_steps_per_second': 11.438, 'epoch': 1.22}
{'loss': 0.0908, 'grad_norm': 0.5940735340118408, 'learning_rate': 0.00011805108392358877, 'epoch': 1.23}
{'loss': 0.1433, 'grad_norm': 0.4780634939670563, 'learning_rate': 0.00011762180725477571, 'epoch': 1.24}
{'loss': 0.1044, 'grad_norm': 0.5913857817649841, 'learning_rate': 0.00011719253058596267, 'epoch': 1.24}
{'loss': 0.0809, 'grad_norm': 0.47306743264198303, 'learning_rate': 0.00011676325391714962, 'epoch': 1.25}
{'loss': 0.0985, 'grad_norm': 0.43190133571624756, 'learning_rate': 0.00011633397724833657, 'epoch': 1.26}
{'loss': 0.1071, 'grad_norm': 0.5523820519447327, 'learning_rate': 0.00011590470057952352, 'epoch': 1.26}
{'loss': 0.1177, 'grad_norm': 0.5868505835533142, 'learning_rate': 0.00011547542391071046, 'epoch': 1.27}
{'loss': 0.1472, 'grad_norm': 0.4585235118865967, 'learning_rate': 0.00011504614724189742, 'epoch': 1.28}
{'loss': 0.0946, 'grad_norm': 0.466587096452713, 'learning_rate': 0.00011461687057308437, 'epoch': 1.28}
{'loss': 0.1029, 'grad_norm': 0.4868583679199219, 'learning_rate': 0.00011418759390427131, 'epoch': 1.29}
{'eval_loss': 0.11696821451187134, 'eval_runtime': 60.3397, 'eval_samples_per_second': 22.871, 'eval_steps_per_second': 11.435, 'epoch': 1.29}
{'loss': 0.0894, 'grad_norm': 0.3583056628704071, 'learning_rate': 0.00011375831723545827, 'epoch': 1.29}
{'loss': 0.1024, 'grad_norm': 0.34845343232154846, 'learning_rate': 0.00011332904056664522, 'epoch': 1.3}
{'loss': 0.12, 'grad_norm': 0.39470115303993225, 'learning_rate': 0.00011289976389783216, 'epoch': 1.31}
{'loss': 0.1314, 'grad_norm': 0.5944624543190002, 'learning_rate': 0.00011247048722901912, 'epoch': 1.31}
{'loss': 0.115, 'grad_norm': 0.40626809000968933, 'learning_rate': 0.00011204121056020606, 'epoch': 1.32}
{'loss': 0.1602, 'grad_norm': 0.4023102819919586, 'learning_rate': 0.00011161193389139302, 'epoch': 1.33}
{'loss': 0.1173, 'grad_norm': 0.5000971555709839, 'learning_rate': 0.00011118265722257997, 'epoch': 1.33}
{'loss': 0.0934, 'grad_norm': 0.3906715512275696, 'learning_rate': 0.00011075338055376691, 'epoch': 1.34}
{'loss': 0.0931, 'grad_norm': 0.5604442358016968, 'learning_rate': 0.00011032410388495387, 'epoch': 1.35}
{'loss': 0.1224, 'grad_norm': 0.4188053607940674, 'learning_rate': 0.00010989482721614082, 'epoch': 1.35}
{'eval_loss': 0.11553306132555008, 'eval_runtime': 60.5514, 'eval_samples_per_second': 22.791, 'eval_steps_per_second': 11.395, 'epoch': 1.35}
{'loss': 0.0869, 'grad_norm': 0.4104522466659546, 'learning_rate': 0.00010946555054732776, 'epoch': 1.36}
{'loss': 0.1146, 'grad_norm': 0.42601731419563293, 'learning_rate': 0.00010903627387851472, 'epoch': 1.37}
{'loss': 0.0897, 'grad_norm': 0.36146536469459534, 'learning_rate': 0.00010860699720970167, 'epoch': 1.37}
{'loss': 0.0906, 'grad_norm': 0.3883844316005707, 'learning_rate': 0.00010817772054088861, 'epoch': 1.38}
{'loss': 0.0968, 'grad_norm': 0.41446638107299805, 'learning_rate': 0.00010774844387207557, 'epoch': 1.38}
{'loss': 0.1052, 'grad_norm': 0.31926584243774414, 'learning_rate': 0.00010731916720326251, 'epoch': 1.39}
{'loss': 0.1045, 'grad_norm': 0.39032551646232605, 'learning_rate': 0.00010688989053444947, 'epoch': 1.4}
{'loss': 0.117, 'grad_norm': 0.6018166542053223, 'learning_rate': 0.00010646061386563642, 'epoch': 1.4}
{'loss': 0.094, 'grad_norm': 0.3908618092536926, 'learning_rate': 0.00010603133719682336, 'epoch': 1.41}
{'loss': 0.1173, 'grad_norm': 0.47620323300361633, 'learning_rate': 0.00010560206052801032, 'epoch': 1.42}
{'eval_loss': 0.11456536501646042, 'eval_runtime': 60.5954, 'eval_samples_per_second': 22.774, 'eval_steps_per_second': 11.387, 'epoch': 1.42}
{'loss': 0.1239, 'grad_norm': 0.35614851117134094, 'learning_rate': 0.00010517278385919727, 'epoch': 1.42}
{'loss': 0.1021, 'grad_norm': 0.552480161190033, 'learning_rate': 0.00010474350719038421, 'epoch': 1.43}
{'loss': 0.1373, 'grad_norm': 0.38022950291633606, 'learning_rate': 0.00010431423052157117, 'epoch': 1.44}
{'loss': 0.0844, 'grad_norm': 0.5896893739700317, 'learning_rate': 0.00010388495385275811, 'epoch': 1.44}
{'loss': 0.1119, 'grad_norm': 0.5259854793548584, 'learning_rate': 0.00010345567718394506, 'epoch': 1.45}
{'loss': 0.1051, 'grad_norm': 0.4060949683189392, 'learning_rate': 0.00010302640051513202, 'epoch': 1.46}
{'loss': 0.1077, 'grad_norm': 0.5700976252555847, 'learning_rate': 0.00010259712384631896, 'epoch': 1.46}
{'loss': 0.1417, 'grad_norm': 0.47598034143447876, 'learning_rate': 0.00010216784717750592, 'epoch': 1.47}
{'loss': 0.0975, 'grad_norm': 0.4086281359195709, 'learning_rate': 0.00010173857050869287, 'epoch': 1.47}
{'loss': 0.1265, 'grad_norm': 0.4280868470668793, 'learning_rate': 0.00010130929383987981, 'epoch': 1.48}
{'eval_loss': 0.11275134980678558, 'eval_runtime': 60.6389, 'eval_samples_per_second': 22.758, 'eval_steps_per_second': 11.379, 'epoch': 1.48}
{'loss': 0.1153, 'grad_norm': 0.5108737945556641, 'learning_rate': 0.00010088001717106677, 'epoch': 1.49}
{'loss': 0.1212, 'grad_norm': 0.44395753741264343, 'learning_rate': 0.00010045074050225372, 'epoch': 1.49}
{'loss': 0.1156, 'grad_norm': 0.35507985949516296, 'learning_rate': 0.00010002146383344066, 'epoch': 1.5}
{'loss': 0.1394, 'grad_norm': 0.4863772392272949, 'learning_rate': 9.95921871646276e-05, 'epoch': 1.51}
{'loss': 0.1189, 'grad_norm': 0.4587428867816925, 'learning_rate': 9.916291049581455e-05, 'epoch': 1.51}
{'loss': 0.0891, 'grad_norm': 0.5426403284072876, 'learning_rate': 9.873363382700151e-05, 'epoch': 1.52}
{'loss': 0.1043, 'grad_norm': 0.480695903301239, 'learning_rate': 9.830435715818845e-05, 'epoch': 1.53}
{'loss': 0.0881, 'grad_norm': 0.47050654888153076, 'learning_rate': 9.78750804893754e-05, 'epoch': 1.53}
{'loss': 0.085, 'grad_norm': 0.3783744275569916, 'learning_rate': 9.744580382056236e-05, 'epoch': 1.54}
{'loss': 0.0837, 'grad_norm': 0.42226240038871765, 'learning_rate': 9.70165271517493e-05, 'epoch': 1.55}
{'eval_loss': 0.11144660413265228, 'eval_runtime': 60.8602, 'eval_samples_per_second': 22.675, 'eval_steps_per_second': 11.337, 'epoch': 1.55}
{'loss': 0.1068, 'grad_norm': 0.4450792372226715, 'learning_rate': 9.658725048293625e-05, 'epoch': 1.55}
{'loss': 0.1037, 'grad_norm': 0.37872570753097534, 'learning_rate': 9.61579738141232e-05, 'epoch': 1.56}
{'loss': 0.1239, 'grad_norm': 0.44274023175239563, 'learning_rate': 9.572869714531015e-05, 'epoch': 1.56}
{'loss': 0.1377, 'grad_norm': 0.4389047622680664, 'learning_rate': 9.529942047649711e-05, 'epoch': 1.57}
{'loss': 0.0754, 'grad_norm': 0.45077207684516907, 'learning_rate': 9.487014380768405e-05, 'epoch': 1.58}
{'loss': 0.1279, 'grad_norm': 0.427638977766037, 'learning_rate': 9.4440867138871e-05, 'epoch': 1.58}
{'loss': 0.0925, 'grad_norm': 0.38187697529792786, 'learning_rate': 9.401159047005796e-05, 'epoch': 1.59}
{'loss': 0.0923, 'grad_norm': 0.357766330242157, 'learning_rate': 9.35823138012449e-05, 'epoch': 1.6}
{'loss': 0.1264, 'grad_norm': 0.4973779320716858, 'learning_rate': 9.315303713243185e-05, 'epoch': 1.6}
{'loss': 0.106, 'grad_norm': 0.754364013671875, 'learning_rate': 9.27237604636188e-05, 'epoch': 1.61}
{'eval_loss': 0.10956244170665741, 'eval_runtime': 60.6371, 'eval_samples_per_second': 22.758, 'eval_steps_per_second': 11.379, 'epoch': 1.61}
{'loss': 0.1129, 'grad_norm': 0.35422950983047485, 'learning_rate': 9.229448379480575e-05, 'epoch': 1.62}
{'loss': 0.1152, 'grad_norm': 0.4105771780014038, 'learning_rate': 9.18652071259927e-05, 'epoch': 1.62}
{'loss': 0.1027, 'grad_norm': 0.48700329661369324, 'learning_rate': 9.143593045717966e-05, 'epoch': 1.63}
{'loss': 0.1138, 'grad_norm': 0.3936534523963928, 'learning_rate': 9.10066537883666e-05, 'epoch': 1.64}
{'loss': 0.0827, 'grad_norm': 0.3518596887588501, 'learning_rate': 9.057737711955356e-05, 'epoch': 1.64}
{'loss': 0.0961, 'grad_norm': 0.6478404998779297, 'learning_rate': 9.01481004507405e-05, 'epoch': 1.65}
{'loss': 0.1085, 'grad_norm': 0.4262840449810028, 'learning_rate': 8.971882378192745e-05, 'epoch': 1.66}
{'loss': 0.1094, 'grad_norm': 0.6686609387397766, 'learning_rate': 8.928954711311441e-05, 'epoch': 1.66}
{'loss': 0.1138, 'grad_norm': 0.362100213766098, 'learning_rate': 8.886027044430135e-05, 'epoch': 1.67}
{'loss': 0.0921, 'grad_norm': 0.42481404542922974, 'learning_rate': 8.84309937754883e-05, 'epoch': 1.67}
{'eval_loss': 0.1085209921002388, 'eval_runtime': 60.4996, 'eval_samples_per_second': 22.81, 'eval_steps_per_second': 11.405, 'epoch': 1.67}
{'loss': 0.0936, 'grad_norm': 0.4201330244541168, 'learning_rate': 8.800171710667526e-05, 'epoch': 1.68}
{'loss': 0.1078, 'grad_norm': 0.5000458359718323, 'learning_rate': 8.75724404378622e-05, 'epoch': 1.69}
{'loss': 0.1183, 'grad_norm': 0.41695985198020935, 'learning_rate': 8.714316376904915e-05, 'epoch': 1.69}
{'loss': 0.1029, 'grad_norm': 0.3663386106491089, 'learning_rate': 8.67138871002361e-05, 'epoch': 1.7}
{'loss': 0.0926, 'grad_norm': 0.3393336236476898, 'learning_rate': 8.628461043142305e-05, 'epoch': 1.71}
{'loss': 0.1355, 'grad_norm': 0.49367445707321167, 'learning_rate': 8.585533376261001e-05, 'epoch': 1.71}
{'loss': 0.1033, 'grad_norm': 0.503990650177002, 'learning_rate': 8.542605709379695e-05, 'epoch': 1.72}
{'loss': 0.0921, 'grad_norm': 0.4030758738517761, 'learning_rate': 8.49967804249839e-05, 'epoch': 1.73}
{'loss': 0.0828, 'grad_norm': 0.4278865456581116, 'learning_rate': 8.456750375617086e-05, 'epoch': 1.73}
{'loss': 0.0892, 'grad_norm': 0.533432126045227, 'learning_rate': 8.41382270873578e-05, 'epoch': 1.74}
{'eval_loss': 0.10766594856977463, 'eval_runtime': 60.2496, 'eval_samples_per_second': 22.905, 'eval_steps_per_second': 11.452, 'epoch': 1.74}
{'loss': 0.1238, 'grad_norm': 0.4569542109966278, 'learning_rate': 8.370895041854475e-05, 'epoch': 1.75}
{'loss': 0.0832, 'grad_norm': 0.4024096429347992, 'learning_rate': 8.32796737497317e-05, 'epoch': 1.75}
{'loss': 0.1392, 'grad_norm': 0.47199583053588867, 'learning_rate': 8.285039708091865e-05, 'epoch': 1.76}
{'loss': 0.1714, 'grad_norm': 0.44584766030311584, 'learning_rate': 8.24211204121056e-05, 'epoch': 1.76}
{'loss': 0.1259, 'grad_norm': 0.47746479511260986, 'learning_rate': 8.199184374329255e-05, 'epoch': 1.77}
{'loss': 0.0875, 'grad_norm': 0.45734289288520813, 'learning_rate': 8.15625670744795e-05, 'epoch': 1.78}
{'loss': 0.0883, 'grad_norm': 0.5021269917488098, 'learning_rate': 8.113329040566646e-05, 'epoch': 1.78}
{'loss': 0.0967, 'grad_norm': 0.4698711037635803, 'learning_rate': 8.07040137368534e-05, 'epoch': 1.79}
{'loss': 0.0682, 'grad_norm': 0.48995885252952576, 'learning_rate': 8.027473706804035e-05, 'epoch': 1.8}
{'loss': 0.1046, 'grad_norm': 0.4563181698322296, 'learning_rate': 7.98454603992273e-05, 'epoch': 1.8}
{'eval_loss': 0.1067628264427185, 'eval_runtime': 60.7822, 'eval_samples_per_second': 22.704, 'eval_steps_per_second': 11.352, 'epoch': 1.8}
{'loss': 0.1027, 'grad_norm': 0.3886837363243103, 'learning_rate': 7.941618373041425e-05, 'epoch': 1.81}
{'loss': 0.0791, 'grad_norm': 0.3796863853931427, 'learning_rate': 7.89869070616012e-05, 'epoch': 1.82}
{'loss': 0.0896, 'grad_norm': 0.4172237515449524, 'learning_rate': 7.855763039278815e-05, 'epoch': 1.82}
{'loss': 0.1197, 'grad_norm': 0.45822155475616455, 'learning_rate': 7.81283537239751e-05, 'epoch': 1.83}
{'loss': 0.0842, 'grad_norm': 0.5172043442726135, 'learning_rate': 7.769907705516204e-05, 'epoch': 1.84}
{'loss': 0.1171, 'grad_norm': 0.495074987411499, 'learning_rate': 7.7269800386349e-05, 'epoch': 1.84}
{'loss': 0.0924, 'grad_norm': 0.5349301695823669, 'learning_rate': 7.684052371753595e-05, 'epoch': 1.85}
{'loss': 0.1045, 'grad_norm': 0.4542032480239868, 'learning_rate': 7.641124704872291e-05, 'epoch': 1.85}
{'loss': 0.1415, 'grad_norm': 0.40778905153274536, 'learning_rate': 7.598197037990985e-05, 'epoch': 1.86}
{'loss': 0.1142, 'grad_norm': 0.42895951867103577, 'learning_rate': 7.55526937110968e-05, 'epoch': 1.87}
{'eval_loss': 0.10589463263750076, 'eval_runtime': 60.6673, 'eval_samples_per_second': 22.747, 'eval_steps_per_second': 11.374, 'epoch': 1.87}
{'loss': 0.0829, 'grad_norm': 0.43947166204452515, 'learning_rate': 7.512341704228376e-05, 'epoch': 1.87}
{'loss': 0.1111, 'grad_norm': 0.40050074458122253, 'learning_rate': 7.46941403734707e-05, 'epoch': 1.88}
{'loss': 0.0872, 'grad_norm': 0.43228423595428467, 'learning_rate': 7.426486370465765e-05, 'epoch': 1.89}
{'loss': 0.0945, 'grad_norm': 0.488251656293869, 'learning_rate': 7.38355870358446e-05, 'epoch': 1.89}
{'loss': 0.0914, 'grad_norm': 0.411997526884079, 'learning_rate': 7.340631036703155e-05, 'epoch': 1.9}
{'loss': 0.0757, 'grad_norm': 0.3635009527206421, 'learning_rate': 7.29770336982185e-05, 'epoch': 1.91}
{'loss': 0.1035, 'grad_norm': 0.4253089129924774, 'learning_rate': 7.254775702940545e-05, 'epoch': 1.91}
{'loss': 0.1057, 'grad_norm': 0.4653875529766083, 'learning_rate': 7.21184803605924e-05, 'epoch': 1.92}
{'loss': 0.0765, 'grad_norm': 0.41422203183174133, 'learning_rate': 7.168920369177936e-05, 'epoch': 1.93}
{'loss': 0.0885, 'grad_norm': 0.48489615321159363, 'learning_rate': 7.125992702296631e-05, 'epoch': 1.93}
{'eval_loss': 0.10514365136623383, 'eval_runtime': 60.4424, 'eval_samples_per_second': 22.832, 'eval_steps_per_second': 11.416, 'epoch': 1.93}
{'loss': 0.1514, 'grad_norm': 0.4375862181186676, 'learning_rate': 7.083065035415326e-05, 'epoch': 1.94}
{'loss': 0.1027, 'grad_norm': 0.517425537109375, 'learning_rate': 7.04013736853402e-05, 'epoch': 1.95}
{'loss': 0.0794, 'grad_norm': 0.3638683259487152, 'learning_rate': 6.997209701652716e-05, 'epoch': 1.95}
{'loss': 0.1124, 'grad_norm': 0.45723220705986023, 'learning_rate': 6.954282034771411e-05, 'epoch': 1.96}
{'loss': 0.0975, 'grad_norm': 0.3917202949523926, 'learning_rate': 6.911354367890107e-05, 'epoch': 1.96}
{'loss': 0.1118, 'grad_norm': 0.44947415590286255, 'learning_rate': 6.868426701008801e-05, 'epoch': 1.97}
{'loss': 0.1021, 'grad_norm': 0.3905431628227234, 'learning_rate': 6.825499034127496e-05, 'epoch': 1.98}
{'loss': 0.121, 'grad_norm': 0.4298025965690613, 'learning_rate': 6.782571367246192e-05, 'epoch': 1.98}
{'loss': 0.0805, 'grad_norm': 0.36055436730384827, 'learning_rate': 6.739643700364886e-05, 'epoch': 1.99}
{'loss': 0.1542, 'grad_norm': 0.9042776226997375, 'learning_rate': 6.69671603348358e-05, 'epoch': 2.0}
{'eval_loss': 0.10456560552120209, 'eval_runtime': 61.9316, 'eval_samples_per_second': 22.283, 'eval_steps_per_second': 11.141, 'epoch': 2.0}
{'loss': 0.1391, 'grad_norm': 0.3527646064758301, 'learning_rate': 6.653788366602276e-05, 'epoch': 2.0}
{'loss': 0.1089, 'grad_norm': 0.4286314845085144, 'learning_rate': 6.610860699720971e-05, 'epoch': 2.01}
{'loss': 0.0896, 'grad_norm': 0.39881986379623413, 'learning_rate': 6.567933032839665e-05, 'epoch': 2.02}
{'loss': 0.0987, 'grad_norm': 0.38914957642555237, 'learning_rate': 6.525005365958361e-05, 'epoch': 2.02}
{'loss': 0.111, 'grad_norm': 0.4780072867870331, 'learning_rate': 6.482077699077056e-05, 'epoch': 2.03}
{'loss': 0.086, 'grad_norm': 0.3946038782596588, 'learning_rate': 6.439150032195752e-05, 'epoch': 2.03}
{'loss': 0.07, 'grad_norm': 0.42217275500297546, 'learning_rate': 6.396222365314446e-05, 'epoch': 2.04}
{'loss': 0.0916, 'grad_norm': 0.37053072452545166, 'learning_rate': 6.35329469843314e-05, 'epoch': 2.05}
{'loss': 0.0781, 'grad_norm': 0.4043145179748535, 'learning_rate': 6.310367031551836e-05, 'epoch': 2.05}
{'loss': 0.0829, 'grad_norm': 0.415409654378891, 'learning_rate': 6.267439364670531e-05, 'epoch': 2.06}
{'eval_loss': 0.10425359755754471, 'eval_runtime': 60.6447, 'eval_samples_per_second': 22.755, 'eval_steps_per_second': 11.378, 'epoch': 2.06}
{'loss': 0.0814, 'grad_norm': 0.512352466583252, 'learning_rate': 6.224511697789225e-05, 'epoch': 2.07}
{'loss': 0.1104, 'grad_norm': 0.4155873954296112, 'learning_rate': 6.181584030907921e-05, 'epoch': 2.07}
{'loss': 0.0853, 'grad_norm': 0.3966690003871918, 'learning_rate': 6.138656364026616e-05, 'epoch': 2.08}
{'loss': 0.108, 'grad_norm': 0.3945798873901367, 'learning_rate': 6.095728697145311e-05, 'epoch': 2.09}
{'loss': 0.0999, 'grad_norm': 0.5277771949768066, 'learning_rate': 6.052801030264006e-05, 'epoch': 2.09}
{'loss': 0.0829, 'grad_norm': 0.4975365102291107, 'learning_rate': 6.009873363382701e-05, 'epoch': 2.1}
{'loss': 0.0877, 'grad_norm': 0.49645134806632996, 'learning_rate': 5.966945696501396e-05, 'epoch': 2.11}
{'loss': 0.0895, 'grad_norm': 0.4583416283130646, 'learning_rate': 5.924018029620091e-05, 'epoch': 2.11}
{'loss': 0.1026, 'grad_norm': 0.4820483326911926, 'learning_rate': 5.8810903627387856e-05, 'epoch': 2.12}
{'loss': 0.0728, 'grad_norm': 0.3806849718093872, 'learning_rate': 5.838162695857481e-05, 'epoch': 2.12}
{'eval_loss': 0.10357565432786942, 'eval_runtime': 61.21, 'eval_samples_per_second': 22.545, 'eval_steps_per_second': 11.273, 'epoch': 2.12}
{'loss': 0.0936, 'grad_norm': 0.4822837710380554, 'learning_rate': 5.795235028976176e-05, 'epoch': 2.13}
{'loss': 0.0943, 'grad_norm': 0.47132623195648193, 'learning_rate': 5.752307362094871e-05, 'epoch': 2.14}
{'loss': 0.0835, 'grad_norm': 0.5834739208221436, 'learning_rate': 5.7093796952135656e-05, 'epoch': 2.14}
{'loss': 0.0916, 'grad_norm': 0.4609028697013855, 'learning_rate': 5.666452028332261e-05, 'epoch': 2.15}
{'loss': 0.1092, 'grad_norm': 0.35244616866111755, 'learning_rate': 5.623524361450956e-05, 'epoch': 2.16}
{'loss': 0.1026, 'grad_norm': 0.43648409843444824, 'learning_rate': 5.580596694569651e-05, 'epoch': 2.16}
{'loss': 0.083, 'grad_norm': 0.4621904790401459, 'learning_rate': 5.5376690276883456e-05, 'epoch': 2.17}
{'loss': 0.0681, 'grad_norm': 0.44036173820495605, 'learning_rate': 5.494741360807041e-05, 'epoch': 2.18}
{'loss': 0.0679, 'grad_norm': 0.3497510850429535, 'learning_rate': 5.451813693925736e-05, 'epoch': 2.18}
{'loss': 0.0994, 'grad_norm': 0.46055468916893005, 'learning_rate': 5.4088860270444305e-05, 'epoch': 2.19}
{'eval_loss': 0.10319323092699051, 'eval_runtime': 60.7365, 'eval_samples_per_second': 22.721, 'eval_steps_per_second': 11.361, 'epoch': 2.19}
{'loss': 0.0908, 'grad_norm': 0.435342401266098, 'learning_rate': 5.365958360163126e-05, 'epoch': 2.2}
{'loss': 0.0835, 'grad_norm': 0.4519899785518646, 'learning_rate': 5.323030693281821e-05, 'epoch': 2.2}
{'loss': 0.1042, 'grad_norm': 0.39363718032836914, 'learning_rate': 5.280103026400516e-05, 'epoch': 2.21}
{'loss': 0.0931, 'grad_norm': 0.4807988107204437, 'learning_rate': 5.2371753595192105e-05, 'epoch': 2.22}
{'loss': 0.0703, 'grad_norm': 0.4145744740962982, 'learning_rate': 5.194247692637906e-05, 'epoch': 2.22}
{'loss': 0.0946, 'grad_norm': 0.464367538690567, 'learning_rate': 5.151320025756601e-05, 'epoch': 2.23}
{'loss': 0.0859, 'grad_norm': 0.39864954352378845, 'learning_rate': 5.108392358875296e-05, 'epoch': 2.23}
{'loss': 0.0711, 'grad_norm': 0.4786514341831207, 'learning_rate': 5.0654646919939906e-05, 'epoch': 2.24}
{'loss': 0.1393, 'grad_norm': 0.46580806374549866, 'learning_rate': 5.022537025112686e-05, 'epoch': 2.25}
{'loss': 0.1096, 'grad_norm': 0.3443607985973358, 'learning_rate': 4.97960935823138e-05, 'epoch': 2.25}
{'eval_loss': 0.10262831300497055, 'eval_runtime': 60.7975, 'eval_samples_per_second': 22.698, 'eval_steps_per_second': 11.349, 'epoch': 2.25}
{'loss': 0.069, 'grad_norm': 0.4570598900318146, 'learning_rate': 4.9366816913500754e-05, 'epoch': 2.26}
{'loss': 0.0877, 'grad_norm': 0.5335460305213928, 'learning_rate': 4.89375402446877e-05, 'epoch': 2.27}
{'loss': 0.1107, 'grad_norm': 0.4219159483909607, 'learning_rate': 4.850826357587465e-05, 'epoch': 2.27}
{'loss': 0.1028, 'grad_norm': 0.4170680344104767, 'learning_rate': 4.80789869070616e-05, 'epoch': 2.28}
{'loss': 0.0768, 'grad_norm': 0.5079097747802734, 'learning_rate': 4.7649710238248555e-05, 'epoch': 2.29}
{'loss': 0.064, 'grad_norm': 0.4514438211917877, 'learning_rate': 4.72204335694355e-05, 'epoch': 2.29}
{'loss': 0.0908, 'grad_norm': 0.6202688217163086, 'learning_rate': 4.679115690062245e-05, 'epoch': 2.3}
{'loss': 0.1302, 'grad_norm': 0.7011614441871643, 'learning_rate': 4.63618802318094e-05, 'epoch': 2.31}
{'loss': 0.0797, 'grad_norm': 0.3687734007835388, 'learning_rate': 4.593260356299635e-05, 'epoch': 2.31}
{'loss': 0.0756, 'grad_norm': 0.44138893485069275, 'learning_rate': 4.55033268941833e-05, 'epoch': 2.32}
{'eval_loss': 0.10227538645267487, 'eval_runtime': 60.6027, 'eval_samples_per_second': 22.771, 'eval_steps_per_second': 11.386, 'epoch': 2.32}
{'loss': 0.0748, 'grad_norm': 0.5158438086509705, 'learning_rate': 4.507405022537025e-05, 'epoch': 2.32}
{'loss': 0.0854, 'grad_norm': 0.46491894125938416, 'learning_rate': 4.4644773556557204e-05, 'epoch': 2.33}
{'loss': 0.0773, 'grad_norm': 0.5465221405029297, 'learning_rate': 4.421549688774415e-05, 'epoch': 2.34}
{'loss': 0.0693, 'grad_norm': 0.4338829219341278, 'learning_rate': 4.37862202189311e-05, 'epoch': 2.34}
{'loss': 0.1498, 'grad_norm': 0.4029119312763214, 'learning_rate': 4.335694355011805e-05, 'epoch': 2.35}
{'loss': 0.1003, 'grad_norm': 0.3410055339336395, 'learning_rate': 4.2927666881305004e-05, 'epoch': 2.36}
{'loss': 0.0729, 'grad_norm': 0.3767789602279663, 'learning_rate': 4.249839021249195e-05, 'epoch': 2.36}
{'loss': 0.1022, 'grad_norm': 0.5506702065467834, 'learning_rate': 4.20691135436789e-05, 'epoch': 2.37}
{'loss': 0.0837, 'grad_norm': 0.4540868401527405, 'learning_rate': 4.163983687486585e-05, 'epoch': 2.38}
{'loss': 0.0872, 'grad_norm': 0.5759026408195496, 'learning_rate': 4.12105602060528e-05, 'epoch': 2.38}
{'eval_loss': 0.10199657827615738, 'eval_runtime': 60.7747, 'eval_samples_per_second': 22.707, 'eval_steps_per_second': 11.353, 'epoch': 2.38}
{'loss': 0.1068, 'grad_norm': 0.7392182350158691, 'learning_rate': 4.078128353723975e-05, 'epoch': 2.39}
{'loss': 0.075, 'grad_norm': 0.5534956455230713, 'learning_rate': 4.03520068684267e-05, 'epoch': 2.4}
{'loss': 0.0755, 'grad_norm': 0.5081419944763184, 'learning_rate': 3.992273019961365e-05, 'epoch': 2.4}
{'loss': 0.0833, 'grad_norm': 0.42050158977508545, 'learning_rate': 3.94934535308006e-05, 'epoch': 2.41}
{'loss': 0.0939, 'grad_norm': 0.4181239902973175, 'learning_rate': 3.906417686198755e-05, 'epoch': 2.41}
{'loss': 0.11, 'grad_norm': 0.6374638676643372, 'learning_rate': 3.86349001931745e-05, 'epoch': 2.42}
{'loss': 0.098, 'grad_norm': 0.4821034073829651, 'learning_rate': 3.8205623524361453e-05, 'epoch': 2.43}
{'loss': 0.0874, 'grad_norm': 0.45629802346229553, 'learning_rate': 3.77763468555484e-05, 'epoch': 2.43}
{'loss': 0.1046, 'grad_norm': 0.4203999638557434, 'learning_rate': 3.734707018673535e-05, 'epoch': 2.44}
{'loss': 0.0841, 'grad_norm': 0.42081761360168457, 'learning_rate': 3.69177935179223e-05, 'epoch': 2.45}
{'eval_loss': 0.10134874284267426, 'eval_runtime': 60.5931, 'eval_samples_per_second': 22.775, 'eval_steps_per_second': 11.387, 'epoch': 2.45}
{'loss': 0.0898, 'grad_norm': 0.4653112292289734, 'learning_rate': 3.648851684910925e-05, 'epoch': 2.45}
{'loss': 0.1012, 'grad_norm': 0.4543432295322418, 'learning_rate': 3.60592401802962e-05, 'epoch': 2.46}
{'loss': 0.12, 'grad_norm': 0.4184492826461792, 'learning_rate': 3.562996351148316e-05, 'epoch': 2.47}
{'loss': 0.1094, 'grad_norm': 0.4509635269641876, 'learning_rate': 3.52006868426701e-05, 'epoch': 2.47}
{'loss': 0.08, 'grad_norm': 0.4517248570919037, 'learning_rate': 3.4771410173857054e-05, 'epoch': 2.48}
{'loss': 0.1029, 'grad_norm': 0.4718848764896393, 'learning_rate': 3.4342133505044006e-05, 'epoch': 2.49}
{'loss': 0.0958, 'grad_norm': 0.4582017660140991, 'learning_rate': 3.391285683623096e-05, 'epoch': 2.49}
{'loss': 0.1025, 'grad_norm': 0.5394808650016785, 'learning_rate': 3.34835801674179e-05, 'epoch': 2.5}
{'loss': 0.0746, 'grad_norm': 0.4034470021724701, 'learning_rate': 3.3054303498604855e-05, 'epoch': 2.51}
{'loss': 0.11, 'grad_norm': 0.4421180486679077, 'learning_rate': 3.2625026829791806e-05, 'epoch': 2.51}
{'eval_loss': 0.10136488825082779, 'eval_runtime': 60.3878, 'eval_samples_per_second': 22.852, 'eval_steps_per_second': 11.426, 'epoch': 2.51}
{'loss': 0.0801, 'grad_norm': 0.44641828536987305, 'learning_rate': 3.219575016097876e-05, 'epoch': 2.52}
{'loss': 0.0941, 'grad_norm': 0.4185761511325836, 'learning_rate': 3.17664734921657e-05, 'epoch': 2.52}
{'loss': 0.1065, 'grad_norm': 0.4767616391181946, 'learning_rate': 3.1337196823352655e-05, 'epoch': 2.53}
{'loss': 0.0857, 'grad_norm': 0.48810938000679016, 'learning_rate': 3.090792015453961e-05, 'epoch': 2.54}
{'loss': 0.0999, 'grad_norm': 0.41021618247032166, 'learning_rate': 3.0478643485726555e-05, 'epoch': 2.54}
{'loss': 0.0965, 'grad_norm': 0.38863009214401245, 'learning_rate': 3.0049366816913504e-05, 'epoch': 2.55}
{'loss': 0.0837, 'grad_norm': 0.4355214238166809, 'learning_rate': 2.9620090148100455e-05, 'epoch': 2.56}
{'loss': 0.0882, 'grad_norm': 0.4769175350666046, 'learning_rate': 2.9190813479287404e-05, 'epoch': 2.56}
{'loss': 0.1232, 'grad_norm': 0.5822847485542297, 'learning_rate': 2.8761536810474356e-05, 'epoch': 2.57}
{'loss': 0.0855, 'grad_norm': 0.45860540866851807, 'learning_rate': 2.8332260141661304e-05, 'epoch': 2.58}
{'eval_loss': 0.10077746957540512, 'eval_runtime': 60.5372, 'eval_samples_per_second': 22.796, 'eval_steps_per_second': 11.398, 'epoch': 2.58}
{'loss': 0.112, 'grad_norm': 0.4749032258987427, 'learning_rate': 2.7902983472848256e-05, 'epoch': 2.58}
{'loss': 0.0881, 'grad_norm': 0.3929642140865326, 'learning_rate': 2.7473706804035204e-05, 'epoch': 2.59}
{'loss': 0.126, 'grad_norm': 0.41526105999946594, 'learning_rate': 2.7044430135222153e-05, 'epoch': 2.6}
{'loss': 0.101, 'grad_norm': 0.6073063015937805, 'learning_rate': 2.6615153466409104e-05, 'epoch': 2.6}
{'loss': 0.0696, 'grad_norm': 0.5467504858970642, 'learning_rate': 2.6185876797596053e-05, 'epoch': 2.61}
{'loss': 0.1224, 'grad_norm': 0.4108006954193115, 'learning_rate': 2.5756600128783005e-05, 'epoch': 2.61}
{'loss': 0.0938, 'grad_norm': 0.3970243036746979, 'learning_rate': 2.5327323459969953e-05, 'epoch': 2.62}
{'loss': 0.0898, 'grad_norm': 0.4294850528240204, 'learning_rate': 2.48980467911569e-05, 'epoch': 2.63}
{'loss': 0.0786, 'grad_norm': 0.40974006056785583, 'learning_rate': 2.446877012234385e-05, 'epoch': 2.63}
{'loss': 0.0809, 'grad_norm': 0.43243205547332764, 'learning_rate': 2.40394934535308e-05, 'epoch': 2.64}
{'eval_loss': 0.10071791708469391, 'eval_runtime': 60.4073, 'eval_samples_per_second': 22.845, 'eval_steps_per_second': 11.422, 'epoch': 2.64}
{'loss': 0.0784, 'grad_norm': 0.4300919771194458, 'learning_rate': 2.361021678471775e-05, 'epoch': 2.65}
{'loss': 0.1066, 'grad_norm': 0.504835844039917, 'learning_rate': 2.31809401159047e-05, 'epoch': 2.65}
{'loss': 0.0965, 'grad_norm': 0.5786100625991821, 'learning_rate': 2.275166344709165e-05, 'epoch': 2.66}
{'loss': 0.0956, 'grad_norm': 0.38096195459365845, 'learning_rate': 2.2322386778278602e-05, 'epoch': 2.67}
{'loss': 0.1075, 'grad_norm': 0.49807217717170715, 'learning_rate': 2.189311010946555e-05, 'epoch': 2.67}
{'loss': 0.0871, 'grad_norm': 0.48922955989837646, 'learning_rate': 2.1463833440652502e-05, 'epoch': 2.68}
{'loss': 0.1266, 'grad_norm': 0.47016406059265137, 'learning_rate': 2.103455677183945e-05, 'epoch': 2.69}
{'loss': 0.0783, 'grad_norm': 0.4182961583137512, 'learning_rate': 2.06052801030264e-05, 'epoch': 2.69}
{'loss': 0.1013, 'grad_norm': 0.5727919936180115, 'learning_rate': 2.017600343421335e-05, 'epoch': 2.7}
{'loss': 0.1354, 'grad_norm': 0.42282286286354065, 'learning_rate': 1.97467267654003e-05, 'epoch': 2.7}
{'eval_loss': 0.10033659636974335, 'eval_runtime': 60.5937, 'eval_samples_per_second': 22.775, 'eval_steps_per_second': 11.387, 'epoch': 2.7}
{'loss': 0.1535, 'grad_norm': 0.4562169909477234, 'learning_rate': 1.931745009658725e-05, 'epoch': 2.71}
{'loss': 0.0852, 'grad_norm': 0.4508408308029175, 'learning_rate': 1.88881734277742e-05, 'epoch': 2.72}
{'loss': 0.0891, 'grad_norm': 0.3934115469455719, 'learning_rate': 1.845889675896115e-05, 'epoch': 2.72}
{'loss': 0.0735, 'grad_norm': 0.4388127624988556, 'learning_rate': 1.80296200901481e-05, 'epoch': 2.73}
{'loss': 0.1011, 'grad_norm': 0.3988815248012543, 'learning_rate': 1.760034342133505e-05, 'epoch': 2.74}
{'loss': 0.0843, 'grad_norm': 0.44234099984169006, 'learning_rate': 1.7171066752522003e-05, 'epoch': 2.74}
{'loss': 0.083, 'grad_norm': 0.4017106890678406, 'learning_rate': 1.674179008370895e-05, 'epoch': 2.75}
{'loss': 0.072, 'grad_norm': 0.421560674905777, 'learning_rate': 1.6312513414895903e-05, 'epoch': 2.76}
{'loss': 0.0761, 'grad_norm': 0.44034841656684875, 'learning_rate': 1.588323674608285e-05, 'epoch': 2.76}
{'loss': 0.0644, 'grad_norm': 0.5063856840133667, 'learning_rate': 1.5453960077269803e-05, 'epoch': 2.77}
{'eval_loss': 0.10005002468824387, 'eval_runtime': 60.9318, 'eval_samples_per_second': 22.648, 'eval_steps_per_second': 11.324, 'epoch': 2.77}
{'loss': 0.0907, 'grad_norm': 0.482038676738739, 'learning_rate': 1.5024683408456752e-05, 'epoch': 2.78}
{'loss': 0.1355, 'grad_norm': 0.4490746855735779, 'learning_rate': 1.4595406739643702e-05, 'epoch': 2.78}
{'loss': 0.1041, 'grad_norm': 0.5822168588638306, 'learning_rate': 1.4166130070830652e-05, 'epoch': 2.79}
{'loss': 0.094, 'grad_norm': 0.423695832490921, 'learning_rate': 1.3736853402017602e-05, 'epoch': 2.79}
{'loss': 0.1298, 'grad_norm': 0.4430330991744995, 'learning_rate': 1.3307576733204552e-05, 'epoch': 2.8}
{'loss': 0.1161, 'grad_norm': 0.5127645134925842, 'learning_rate': 1.2878300064391502e-05, 'epoch': 2.81}
{'loss': 0.118, 'grad_norm': 0.44092226028442383, 'learning_rate': 1.244902339557845e-05, 'epoch': 2.81}
{'loss': 0.0837, 'grad_norm': 0.5268793106079102, 'learning_rate': 1.20197467267654e-05, 'epoch': 2.82}
{'loss': 0.1498, 'grad_norm': 0.44188210368156433, 'learning_rate': 1.159047005795235e-05, 'epoch': 2.83}
{'loss': 0.0844, 'grad_norm': 0.5022116303443909, 'learning_rate': 1.1161193389139301e-05, 'epoch': 2.83}
{'eval_loss': 0.09977635741233826, 'eval_runtime': 60.7745, 'eval_samples_per_second': 22.707, 'eval_steps_per_second': 11.353, 'epoch': 2.83}
{'loss': 0.0929, 'grad_norm': 0.38591593503952026, 'learning_rate': 1.0731916720326251e-05, 'epoch': 2.84}
{'loss': 0.095, 'grad_norm': 0.5484539270401001, 'learning_rate': 1.03026400515132e-05, 'epoch': 2.85}
{'loss': 0.0938, 'grad_norm': 0.5021114349365234, 'learning_rate': 9.87336338270015e-06, 'epoch': 2.85}
{'loss': 0.0938, 'grad_norm': 0.480164110660553, 'learning_rate': 9.4440867138871e-06, 'epoch': 2.86}
{'loss': 0.0971, 'grad_norm': 0.4862523674964905, 'learning_rate': 9.01481004507405e-06, 'epoch': 2.87}
{'loss': 0.0787, 'grad_norm': 0.49526485800743103, 'learning_rate': 8.585533376261002e-06, 'epoch': 2.87}
{'loss': 0.0849, 'grad_norm': 0.4233287572860718, 'learning_rate': 8.156256707447952e-06, 'epoch': 2.88}
{'loss': 0.0924, 'grad_norm': 0.4425859749317169, 'learning_rate': 7.726980038634902e-06, 'epoch': 2.89}
{'loss': 0.0951, 'grad_norm': 0.48006704449653625, 'learning_rate': 7.297703369821851e-06, 'epoch': 2.89}
{'loss': 0.0822, 'grad_norm': 0.4097645878791809, 'learning_rate': 6.868426701008801e-06, 'epoch': 2.9}
{'eval_loss': 0.09963949769735336, 'eval_runtime': 60.7186, 'eval_samples_per_second': 22.728, 'eval_steps_per_second': 11.364, 'epoch': 2.9}
{'loss': 0.0684, 'grad_norm': 0.5206300616264343, 'learning_rate': 6.439150032195751e-06, 'epoch': 2.9}
{'loss': 0.1111, 'grad_norm': 0.45033738017082214, 'learning_rate': 6.0098733633827e-06, 'epoch': 2.91}
{'loss': 0.0854, 'grad_norm': 0.4969622492790222, 'learning_rate': 5.5805966945696505e-06, 'epoch': 2.92}
{'loss': 0.0821, 'grad_norm': 0.4490058124065399, 'learning_rate': 5.1513200257566e-06, 'epoch': 2.92}
{'loss': 0.116, 'grad_norm': 0.4940887689590454, 'learning_rate': 4.72204335694355e-06, 'epoch': 2.93}
{'loss': 0.0634, 'grad_norm': 0.4656142294406891, 'learning_rate': 4.292766688130501e-06, 'epoch': 2.94}
{'loss': 0.134, 'grad_norm': 0.4714256525039673, 'learning_rate': 3.863490019317451e-06, 'epoch': 2.94}
{'loss': 0.0827, 'grad_norm': 0.5570970773696899, 'learning_rate': 3.4342133505044005e-06, 'epoch': 2.95}
{'loss': 0.0694, 'grad_norm': 0.41015106439590454, 'learning_rate': 3.00493668169135e-06, 'epoch': 2.96}
{'loss': 0.0891, 'grad_norm': 0.5338931679725647, 'learning_rate': 2.5756600128783e-06, 'epoch': 2.96}
{'eval_loss': 0.09953176230192184, 'eval_runtime': 60.7629, 'eval_samples_per_second': 22.711, 'eval_steps_per_second': 11.356, 'epoch': 2.96}
{'loss': 0.0828, 'grad_norm': 0.5265581607818604, 'learning_rate': 2.1463833440652504e-06, 'epoch': 2.97}
{'loss': 0.1059, 'grad_norm': 0.40482595562934875, 'learning_rate': 1.7171066752522003e-06, 'epoch': 2.98}
{'loss': 0.0861, 'grad_norm': 0.41166794300079346, 'learning_rate': 1.28783000643915e-06, 'epoch': 2.98}
{'loss': 0.0924, 'grad_norm': 0.46135473251342773, 'learning_rate': 8.585533376261001e-07, 'epoch': 2.99}
{'loss': 0.1142, 'grad_norm': 0.46894556283950806, 'learning_rate': 4.2927666881305006e-07, 'epoch': 2.99}
{'train_runtime': 5978.8051, 'train_samples_per_second': 6.231, 'train_steps_per_second': 0.779, 'train_loss': 0.128543924533085, 'epoch': 3.0}
