Splitting dataset into train/validation...
Train: 12418, Val: 1380
{'loss': 7.84, 'grad_norm': 12.994002342224121, 'learning_rate': 0.00019961365099806827, 'epoch': 0.01}
{'loss': 0.4195, 'grad_norm': 0.5335465669631958, 'learning_rate': 0.0001991843743292552, 'epoch': 0.01}
{'loss': 0.344, 'grad_norm': 0.2660001218318939, 'learning_rate': 0.00019875509766044216, 'epoch': 0.02}
{'loss': 0.2713, 'grad_norm': 0.27838966250419617, 'learning_rate': 0.0001983258209916291, 'epoch': 0.03}
{'loss': 0.3054, 'grad_norm': 0.2570227086544037, 'learning_rate': 0.00019789654432281605, 'epoch': 0.03}
{'loss': 0.2825, 'grad_norm': 0.3613632917404175, 'learning_rate': 0.00019746726765400302, 'epoch': 0.04}
{'loss': 0.2626, 'grad_norm': 0.2400432974100113, 'learning_rate': 0.00019703799098518996, 'epoch': 0.05}
{'loss': 0.2379, 'grad_norm': 0.278714656829834, 'learning_rate': 0.0001966087143163769, 'epoch': 0.05}
{'loss': 0.2321, 'grad_norm': 0.33247920870780945, 'learning_rate': 0.00019617943764756385, 'epoch': 0.06}
{'loss': 0.2543, 'grad_norm': 0.4574703574180603, 'learning_rate': 0.0001957501609787508, 'epoch': 0.06}
{'eval_loss': 0.22161605954170227, 'eval_runtime': 139.8915, 'eval_samples_per_second': 9.865, 'eval_steps_per_second': 4.932, 'epoch': 0.06}
{'loss': 0.2334, 'grad_norm': 0.36228978633880615, 'learning_rate': 0.00019532088430993777, 'epoch': 0.07}
{'loss': 0.2069, 'grad_norm': 0.5056977868080139, 'learning_rate': 0.00019489160764112471, 'epoch': 0.08}
{'loss': 0.2128, 'grad_norm': 0.4848305284976959, 'learning_rate': 0.00019446233097231166, 'epoch': 0.08}
{'loss': 0.1941, 'grad_norm': 0.4361399710178375, 'learning_rate': 0.0001940330543034986, 'epoch': 0.09}
{'loss': 0.2247, 'grad_norm': 0.4073937237262726, 'learning_rate': 0.00019360377763468555, 'epoch': 0.1}
{'loss': 0.1739, 'grad_norm': 0.41895216703414917, 'learning_rate': 0.0001931745009658725, 'epoch': 0.1}
{'loss': 0.1558, 'grad_norm': 0.43742111325263977, 'learning_rate': 0.00019274522429705947, 'epoch': 0.11}
{'loss': 0.1674, 'grad_norm': 0.4705691933631897, 'learning_rate': 0.0001923159476282464, 'epoch': 0.12}
{'loss': 0.2341, 'grad_norm': 0.4974478483200073, 'learning_rate': 0.00019188667095943336, 'epoch': 0.12}
{'loss': 0.155, 'grad_norm': 0.3512907922267914, 'learning_rate': 0.0001914573942906203, 'epoch': 0.13}
{'eval_loss': 0.17650622129440308, 'eval_runtime': 140.0233, 'eval_samples_per_second': 9.855, 'eval_steps_per_second': 4.928, 'epoch': 0.13}
{'loss': 0.1751, 'grad_norm': 0.555902361869812, 'learning_rate': 0.00019102811762180725, 'epoch': 0.14}
{'loss': 0.1706, 'grad_norm': 0.36925622820854187, 'learning_rate': 0.00019059884095299422, 'epoch': 0.14}
{'loss': 0.1535, 'grad_norm': 0.46860188245773315, 'learning_rate': 0.00019016956428418116, 'epoch': 0.15}
{'loss': 0.1679, 'grad_norm': 0.6530353426933289, 'learning_rate': 0.0001897402876153681, 'epoch': 0.15}
{'loss': 0.164, 'grad_norm': 0.5352263450622559, 'learning_rate': 0.00018931101094655505, 'epoch': 0.16}
{'loss': 0.1294, 'grad_norm': 0.5856571793556213, 'learning_rate': 0.000188881734277742, 'epoch': 0.17}
{'loss': 0.1357, 'grad_norm': 0.5305082201957703, 'learning_rate': 0.00018845245760892894, 'epoch': 0.17}
{'loss': 0.1425, 'grad_norm': 0.34044593572616577, 'learning_rate': 0.00018802318094011592, 'epoch': 0.18}
{'loss': 0.1763, 'grad_norm': 0.5157360434532166, 'learning_rate': 0.00018759390427130286, 'epoch': 0.19}
{'loss': 0.13, 'grad_norm': 0.33650338649749756, 'learning_rate': 0.0001871646276024898, 'epoch': 0.19}
{'eval_loss': 0.14680232107639313, 'eval_runtime': 140.4191, 'eval_samples_per_second': 9.828, 'eval_steps_per_second': 4.914, 'epoch': 0.19}
{'loss': 0.1349, 'grad_norm': 0.3539235293865204, 'learning_rate': 0.00018673535093367675, 'epoch': 0.2}
{'loss': 0.1254, 'grad_norm': 0.6418096423149109, 'learning_rate': 0.0001863060742648637, 'epoch': 0.21}
{'loss': 0.1588, 'grad_norm': 0.47772860527038574, 'learning_rate': 0.00018587679759605067, 'epoch': 0.21}
{'loss': 0.1346, 'grad_norm': 0.42553505301475525, 'learning_rate': 0.0001854475209272376, 'epoch': 0.22}
{'loss': 0.1373, 'grad_norm': 0.38712233304977417, 'learning_rate': 0.00018501824425842456, 'epoch': 0.23}
{'loss': 0.1506, 'grad_norm': 0.3875294327735901, 'learning_rate': 0.0001845889675896115, 'epoch': 0.23}
{'loss': 0.0883, 'grad_norm': 0.33143743872642517, 'learning_rate': 0.00018415969092079845, 'epoch': 0.24}
{'loss': 0.1389, 'grad_norm': 0.5416207909584045, 'learning_rate': 0.0001837304142519854, 'epoch': 0.24}
{'loss': 0.1056, 'grad_norm': 0.3050915002822876, 'learning_rate': 0.00018330113758317237, 'epoch': 0.25}
{'loss': 0.1258, 'grad_norm': 0.3623819947242737, 'learning_rate': 0.0001828718609143593, 'epoch': 0.26}
{'eval_loss': 0.12661026418209076, 'eval_runtime': 140.8262, 'eval_samples_per_second': 9.799, 'eval_steps_per_second': 4.9, 'epoch': 0.26}
{'loss': 0.1073, 'grad_norm': 0.5565990209579468, 'learning_rate': 0.00018244258424554626, 'epoch': 0.26}
{'loss': 0.1739, 'grad_norm': 0.3660680949687958, 'learning_rate': 0.0001820133075767332, 'epoch': 0.27}
{'loss': 0.111, 'grad_norm': 0.5200434923171997, 'learning_rate': 0.00018158403090792015, 'epoch': 0.28}
{'loss': 0.1084, 'grad_norm': 0.4906148314476013, 'learning_rate': 0.00018115475423910712, 'epoch': 0.28}
{'loss': 0.0914, 'grad_norm': 0.37548577785491943, 'learning_rate': 0.00018072547757029406, 'epoch': 0.29}
{'loss': 0.1217, 'grad_norm': 0.5327293872833252, 'learning_rate': 0.000180296200901481, 'epoch': 0.3}
{'loss': 0.147, 'grad_norm': 0.5023669004440308, 'learning_rate': 0.00017986692423266795, 'epoch': 0.3}
{'loss': 0.0892, 'grad_norm': 0.4693257212638855, 'learning_rate': 0.0001794376475638549, 'epoch': 0.31}
{'loss': 0.1226, 'grad_norm': 0.4111939072608948, 'learning_rate': 0.00017900837089504184, 'epoch': 0.32}
{'loss': 0.1217, 'grad_norm': 0.4143739640712738, 'learning_rate': 0.00017857909422622882, 'epoch': 0.32}
{'eval_loss': 0.11962883919477463, 'eval_runtime': 140.7716, 'eval_samples_per_second': 9.803, 'eval_steps_per_second': 4.902, 'epoch': 0.32}
{'loss': 0.1286, 'grad_norm': 0.4167363941669464, 'learning_rate': 0.00017814981755741576, 'epoch': 0.33}
{'loss': 0.1212, 'grad_norm': 0.3319636285305023, 'learning_rate': 0.0001777205408886027, 'epoch': 0.33}
{'loss': 0.091, 'grad_norm': 0.31832483410835266, 'learning_rate': 0.00017729126421978965, 'epoch': 0.34}
{'loss': 0.1113, 'grad_norm': 0.3380416929721832, 'learning_rate': 0.0001768619875509766, 'epoch': 0.35}
{'loss': 0.126, 'grad_norm': 0.36064356565475464, 'learning_rate': 0.00017643271088216357, 'epoch': 0.35}
{'loss': 0.1042, 'grad_norm': 0.4607725739479065, 'learning_rate': 0.0001760034342133505, 'epoch': 0.36}
{'loss': 0.1005, 'grad_norm': 0.27147284150123596, 'learning_rate': 0.00017557415754453746, 'epoch': 0.37}
{'loss': 0.1391, 'grad_norm': 0.26098600029945374, 'learning_rate': 0.0001751448808757244, 'epoch': 0.37}
{'loss': 0.0878, 'grad_norm': 0.24684694409370422, 'learning_rate': 0.00017471560420691135, 'epoch': 0.38}
{'loss': 0.1029, 'grad_norm': 0.4461175203323364, 'learning_rate': 0.0001742863275380983, 'epoch': 0.39}
{'eval_loss': 0.11555536091327667, 'eval_runtime': 140.5448, 'eval_samples_per_second': 9.819, 'eval_steps_per_second': 4.909, 'epoch': 0.39}
{'loss': 0.0964, 'grad_norm': 0.25896012783050537, 'learning_rate': 0.00017385705086928526, 'epoch': 0.39}
{'loss': 0.0892, 'grad_norm': 0.21817554533481598, 'learning_rate': 0.0001734277742004722, 'epoch': 0.4}
{'loss': 0.0998, 'grad_norm': 0.3287583589553833, 'learning_rate': 0.00017299849753165915, 'epoch': 0.41}
{'loss': 0.1007, 'grad_norm': 0.3671376705169678, 'learning_rate': 0.0001725692208628461, 'epoch': 0.41}
{'loss': 0.0902, 'grad_norm': 0.35619091987609863, 'learning_rate': 0.00017213994419403304, 'epoch': 0.42}
{'loss': 0.1189, 'grad_norm': 0.23594282567501068, 'learning_rate': 0.00017171066752522002, 'epoch': 0.43}
{'loss': 0.1251, 'grad_norm': 0.2947136461734772, 'learning_rate': 0.00017128139085640696, 'epoch': 0.43}
{'loss': 0.1137, 'grad_norm': 0.42782747745513916, 'learning_rate': 0.0001708521141875939, 'epoch': 0.44}
{'loss': 0.0989, 'grad_norm': 0.24801115691661835, 'learning_rate': 0.00017042283751878085, 'epoch': 0.44}
{'loss': 0.1199, 'grad_norm': 0.3796466886997223, 'learning_rate': 0.0001699935608499678, 'epoch': 0.45}
{'eval_loss': 0.11318030208349228, 'eval_runtime': 140.7904, 'eval_samples_per_second': 9.802, 'eval_steps_per_second': 4.901, 'epoch': 0.45}
{'loss': 0.1261, 'grad_norm': 0.36968523263931274, 'learning_rate': 0.00016956428418115474, 'epoch': 0.46}
{'loss': 0.0938, 'grad_norm': 0.5833774209022522, 'learning_rate': 0.00016913500751234171, 'epoch': 0.46}
{'loss': 0.1145, 'grad_norm': 0.2658049166202545, 'learning_rate': 0.00016870573084352866, 'epoch': 0.47}
{'loss': 0.1204, 'grad_norm': 0.3259272575378418, 'learning_rate': 0.0001682764541747156, 'epoch': 0.48}
{'loss': 0.092, 'grad_norm': 0.5333102941513062, 'learning_rate': 0.00016784717750590255, 'epoch': 0.48}
{'loss': 0.1217, 'grad_norm': 0.27116039395332336, 'learning_rate': 0.0001674179008370895, 'epoch': 0.49}
{'loss': 0.094, 'grad_norm': 0.2718770205974579, 'learning_rate': 0.00016698862416827647, 'epoch': 0.5}
{'loss': 0.1085, 'grad_norm': 0.3345840275287628, 'learning_rate': 0.0001665593474994634, 'epoch': 0.5}
{'loss': 0.1173, 'grad_norm': 0.25312405824661255, 'learning_rate': 0.00016613007083065036, 'epoch': 0.51}
{'loss': 0.1186, 'grad_norm': 0.42533379793167114, 'learning_rate': 0.0001657007941618373, 'epoch': 0.52}
{'eval_loss': 0.10985434800386429, 'eval_runtime': 140.7291, 'eval_samples_per_second': 9.806, 'eval_steps_per_second': 4.903, 'epoch': 0.52}
{'loss': 0.0976, 'grad_norm': 0.28918009996414185, 'learning_rate': 0.00016527151749302425, 'epoch': 0.52}
{'loss': 0.1159, 'grad_norm': 0.4437839686870575, 'learning_rate': 0.0001648422408242112, 'epoch': 0.53}
{'loss': 0.1349, 'grad_norm': 0.28247928619384766, 'learning_rate': 0.00016441296415539816, 'epoch': 0.53}
{'loss': 0.1117, 'grad_norm': 0.21478472650051117, 'learning_rate': 0.0001639836874865851, 'epoch': 0.54}
{'loss': 0.1368, 'grad_norm': 0.2745645344257355, 'learning_rate': 0.00016355441081777205, 'epoch': 0.55}
{'loss': 0.1033, 'grad_norm': 0.5065013766288757, 'learning_rate': 0.000163125134148959, 'epoch': 0.55}
{'loss': 0.0978, 'grad_norm': 0.2785232365131378, 'learning_rate': 0.00016269585748014594, 'epoch': 0.56}
{'loss': 0.1015, 'grad_norm': 0.27615487575531006, 'learning_rate': 0.00016226658081133292, 'epoch': 0.57}
{'loss': 0.1221, 'grad_norm': 0.29669564962387085, 'learning_rate': 0.00016183730414251986, 'epoch': 0.57}
{'loss': 0.1111, 'grad_norm': 0.3400688171386719, 'learning_rate': 0.0001614080274737068, 'epoch': 0.58}
{'eval_loss': 0.10830186307430267, 'eval_runtime': 140.9382, 'eval_samples_per_second': 9.792, 'eval_steps_per_second': 4.896, 'epoch': 0.58}
{'loss': 0.1062, 'grad_norm': 0.3418962061405182, 'learning_rate': 0.00016097875080489375, 'epoch': 0.59}
{'loss': 0.1377, 'grad_norm': 0.27926164865493774, 'learning_rate': 0.0001605494741360807, 'epoch': 0.59}
{'loss': 0.0795, 'grad_norm': 0.33973729610443115, 'learning_rate': 0.00016012019746726764, 'epoch': 0.6}
{'loss': 0.095, 'grad_norm': 0.3476358652114868, 'learning_rate': 0.0001596909207984546, 'epoch': 0.61}
{'loss': 0.0919, 'grad_norm': 0.3742162585258484, 'learning_rate': 0.00015926164412964156, 'epoch': 0.61}
{'loss': 0.1062, 'grad_norm': 0.4485890865325928, 'learning_rate': 0.0001588323674608285, 'epoch': 0.62}
{'loss': 0.1102, 'grad_norm': 0.3802974224090576, 'learning_rate': 0.00015840309079201545, 'epoch': 0.62}
{'loss': 0.105, 'grad_norm': 0.22048956155776978, 'learning_rate': 0.0001579738141232024, 'epoch': 0.63}
{'loss': 0.1101, 'grad_norm': 0.5499547719955444, 'learning_rate': 0.00015754453745438936, 'epoch': 0.64}
{'loss': 0.1108, 'grad_norm': 0.3154982328414917, 'learning_rate': 0.0001571152607855763, 'epoch': 0.64}
{'eval_loss': 0.10673514008522034, 'eval_runtime': 140.7123, 'eval_samples_per_second': 9.807, 'eval_steps_per_second': 4.904, 'epoch': 0.64}
{'loss': 0.1278, 'grad_norm': 0.26532530784606934, 'learning_rate': 0.00015668598411676325, 'epoch': 0.65}
{'loss': 0.1088, 'grad_norm': 0.3568679988384247, 'learning_rate': 0.0001562567074479502, 'epoch': 0.66}
{'loss': 0.1301, 'grad_norm': 0.22074654698371887, 'learning_rate': 0.00015582743077913714, 'epoch': 0.66}
{'loss': 0.0951, 'grad_norm': 0.23430868983268738, 'learning_rate': 0.0001553981541103241, 'epoch': 0.67}
{'loss': 0.1037, 'grad_norm': 0.30027055740356445, 'learning_rate': 0.00015496887744151106, 'epoch': 0.68}
{'loss': 0.0943, 'grad_norm': 0.3029203712940216, 'learning_rate': 0.000154539600772698, 'epoch': 0.68}
{'loss': 0.0844, 'grad_norm': 0.24587367475032806, 'learning_rate': 0.00015411032410388495, 'epoch': 0.69}
{'loss': 0.0967, 'grad_norm': 0.3335227370262146, 'learning_rate': 0.0001536810474350719, 'epoch': 0.7}
{'loss': 0.0869, 'grad_norm': 0.2753239870071411, 'learning_rate': 0.00015325177076625884, 'epoch': 0.7}
{'loss': 0.0774, 'grad_norm': 0.20026318728923798, 'learning_rate': 0.00015282249409744581, 'epoch': 0.71}
{'eval_loss': 0.10529011487960815, 'eval_runtime': 140.7112, 'eval_samples_per_second': 9.807, 'eval_steps_per_second': 4.904, 'epoch': 0.71}
{'loss': 0.1075, 'grad_norm': 0.3244520127773285, 'learning_rate': 0.00015239321742863276, 'epoch': 0.72}
{'loss': 0.1085, 'grad_norm': 0.2399747371673584, 'learning_rate': 0.0001519639407598197, 'epoch': 0.72}
{'loss': 0.0949, 'grad_norm': 0.23529884219169617, 'learning_rate': 0.00015153466409100665, 'epoch': 0.73}
{'loss': 0.1122, 'grad_norm': 0.2317645400762558, 'learning_rate': 0.0001511053874221936, 'epoch': 0.73}
{'loss': 0.1566, 'grad_norm': 0.3510739505290985, 'learning_rate': 0.00015067611075338054, 'epoch': 0.74}
{'loss': 0.1305, 'grad_norm': 0.227721706032753, 'learning_rate': 0.0001502468340845675, 'epoch': 0.75}
{'loss': 0.1023, 'grad_norm': 0.3060550391674042, 'learning_rate': 0.00014981755741575446, 'epoch': 0.75}
{'loss': 0.0956, 'grad_norm': 0.3029860258102417, 'learning_rate': 0.0001493882807469414, 'epoch': 0.76}
{'loss': 0.0863, 'grad_norm': 0.2915708124637604, 'learning_rate': 0.00014895900407812835, 'epoch': 0.77}
{'loss': 0.089, 'grad_norm': 0.334365576505661, 'learning_rate': 0.0001485297274093153, 'epoch': 0.77}
{'eval_loss': 0.10420384258031845, 'eval_runtime': 140.605, 'eval_samples_per_second': 9.815, 'eval_steps_per_second': 4.907, 'epoch': 0.77}
{'loss': 0.0976, 'grad_norm': 0.27874788641929626, 'learning_rate': 0.00014810045074050226, 'epoch': 0.78}
{'loss': 0.094, 'grad_norm': 0.29299479722976685, 'learning_rate': 0.0001476711740716892, 'epoch': 0.79}
{'loss': 0.0943, 'grad_norm': 0.24332311749458313, 'learning_rate': 0.00014724189740287615, 'epoch': 0.79}
{'loss': 0.103, 'grad_norm': 0.234892800450325, 'learning_rate': 0.0001468126207340631, 'epoch': 0.8}
{'loss': 0.0837, 'grad_norm': 0.2593999207019806, 'learning_rate': 0.00014638334406525004, 'epoch': 0.81}
{'loss': 0.0924, 'grad_norm': 0.3133540153503418, 'learning_rate': 0.000145954067396437, 'epoch': 0.81}
{'loss': 0.1123, 'grad_norm': 0.22311577200889587, 'learning_rate': 0.00014552479072762396, 'epoch': 0.82}
{'loss': 0.0865, 'grad_norm': 0.26310619711875916, 'learning_rate': 0.0001450955140588109, 'epoch': 0.82}
{'loss': 0.0897, 'grad_norm': 0.47700735926628113, 'learning_rate': 0.00014466623738999785, 'epoch': 0.83}
{'loss': 0.1104, 'grad_norm': 0.2842003405094147, 'learning_rate': 0.0001442369607211848, 'epoch': 0.84}
{'eval_loss': 0.10360541194677353, 'eval_runtime': 140.7942, 'eval_samples_per_second': 9.802, 'eval_steps_per_second': 4.901, 'epoch': 0.84}
{'loss': 0.0705, 'grad_norm': 0.26397576928138733, 'learning_rate': 0.00014380768405237174, 'epoch': 0.84}
{'loss': 0.0799, 'grad_norm': 0.2509150207042694, 'learning_rate': 0.0001433784073835587, 'epoch': 0.85}
{'loss': 0.0689, 'grad_norm': 0.2701358199119568, 'learning_rate': 0.00014294913071474566, 'epoch': 0.86}
{'loss': 0.1422, 'grad_norm': 0.22466476261615753, 'learning_rate': 0.00014251985404593263, 'epoch': 0.86}
{'loss': 0.0957, 'grad_norm': 0.28805050253868103, 'learning_rate': 0.00014209057737711957, 'epoch': 0.87}
{'loss': 0.1273, 'grad_norm': 0.37608546018600464, 'learning_rate': 0.00014166130070830652, 'epoch': 0.88}
{'loss': 0.1195, 'grad_norm': 0.48631975054740906, 'learning_rate': 0.00014123202403949346, 'epoch': 0.88}
{'loss': 0.0762, 'grad_norm': 0.2431056648492813, 'learning_rate': 0.0001408027473706804, 'epoch': 0.89}
{'loss': 0.085, 'grad_norm': 0.4580860435962677, 'learning_rate': 0.00014037347070186738, 'epoch': 0.9}
{'loss': 0.0762, 'grad_norm': 0.22284959256649017, 'learning_rate': 0.00013994419403305433, 'epoch': 0.9}
{'eval_loss': 0.1026918962597847, 'eval_runtime': 142.1763, 'eval_samples_per_second': 9.706, 'eval_steps_per_second': 4.853, 'epoch': 0.9}
{'loss': 0.1277, 'grad_norm': 0.3142291307449341, 'learning_rate': 0.00013951491736424127, 'epoch': 0.91}
{'loss': 0.1025, 'grad_norm': 0.3649316430091858, 'learning_rate': 0.00013908564069542822, 'epoch': 0.91}
{'loss': 0.1221, 'grad_norm': 0.29473575949668884, 'learning_rate': 0.00013865636402661516, 'epoch': 0.92}
{'loss': 0.0812, 'grad_norm': 0.24339595437049866, 'learning_rate': 0.00013822708735780213, 'epoch': 0.93}
{'loss': 0.1033, 'grad_norm': 0.28389209508895874, 'learning_rate': 0.00013779781068898908, 'epoch': 0.93}
{'loss': 0.1108, 'grad_norm': 0.2828909456729889, 'learning_rate': 0.00013736853402017602, 'epoch': 0.94}
{'loss': 0.0943, 'grad_norm': 0.223784402012825, 'learning_rate': 0.00013693925735136297, 'epoch': 0.95}
{'loss': 0.1018, 'grad_norm': 0.3095674216747284, 'learning_rate': 0.00013650998068254991, 'epoch': 0.95}
{'loss': 0.0854, 'grad_norm': 0.2730777859687805, 'learning_rate': 0.00013608070401373686, 'epoch': 0.96}
{'loss': 0.0851, 'grad_norm': 0.2396746724843979, 'learning_rate': 0.00013565142734492383, 'epoch': 0.97}
{'eval_loss': 0.10091904550790787, 'eval_runtime': 141.0986, 'eval_samples_per_second': 9.78, 'eval_steps_per_second': 4.89, 'epoch': 0.97}
{'loss': 0.0729, 'grad_norm': 0.25991711020469666, 'learning_rate': 0.00013522215067611078, 'epoch': 0.97}
{'loss': 0.0976, 'grad_norm': 0.258314847946167, 'learning_rate': 0.00013479287400729772, 'epoch': 0.98}
{'loss': 0.1174, 'grad_norm': 0.30581143498420715, 'learning_rate': 0.00013436359733848467, 'epoch': 0.99}
{'loss': 0.0889, 'grad_norm': 0.224139004945755, 'learning_rate': 0.0001339343206696716, 'epoch': 0.99}
{'loss': 0.0965, 'grad_norm': 0.25752782821655273, 'learning_rate': 0.00013350504400085858, 'epoch': 1.0}
{'loss': 0.0894, 'grad_norm': 0.2949433922767639, 'learning_rate': 0.00013307576733204553, 'epoch': 1.0}
{'loss': 0.0962, 'grad_norm': 0.38840755820274353, 'learning_rate': 0.00013264649066323247, 'epoch': 1.01}
{'loss': 0.0822, 'grad_norm': 0.4405212998390198, 'learning_rate': 0.00013221721399441942, 'epoch': 1.02}
{'loss': 0.0835, 'grad_norm': 0.23365755379199982, 'learning_rate': 0.00013178793732560636, 'epoch': 1.02}
{'loss': 0.0749, 'grad_norm': 0.2643781900405884, 'learning_rate': 0.0001313586606567933, 'epoch': 1.03}
{'eval_loss': 0.10050294548273087, 'eval_runtime': 140.7423, 'eval_samples_per_second': 9.805, 'eval_steps_per_second': 4.903, 'epoch': 1.03}
{'loss': 0.0723, 'grad_norm': 0.4659681022167206, 'learning_rate': 0.00013092938398798028, 'epoch': 1.04}
{'loss': 0.0825, 'grad_norm': 0.24803708493709564, 'learning_rate': 0.00013050010731916723, 'epoch': 1.04}
{'loss': 0.0816, 'grad_norm': 0.23368002474308014, 'learning_rate': 0.00013007083065035417, 'epoch': 1.05}
{'loss': 0.0673, 'grad_norm': 0.23590749502182007, 'learning_rate': 0.00012964155398154112, 'epoch': 1.06}
{'loss': 0.0913, 'grad_norm': 0.2704067528247833, 'learning_rate': 0.00012921227731272806, 'epoch': 1.06}
{'loss': 0.0693, 'grad_norm': 0.2779884338378906, 'learning_rate': 0.00012878300064391503, 'epoch': 1.07}
{'loss': 0.0819, 'grad_norm': 0.26634490489959717, 'learning_rate': 0.00012835372397510198, 'epoch': 1.08}
{'loss': 0.0621, 'grad_norm': 0.24636255204677582, 'learning_rate': 0.00012792444730628892, 'epoch': 1.08}
{'loss': 0.1076, 'grad_norm': 0.25407835841178894, 'learning_rate': 0.00012749517063747587, 'epoch': 1.09}
{'loss': 0.0912, 'grad_norm': 0.2426457554101944, 'learning_rate': 0.0001270658939686628, 'epoch': 1.09}
{'eval_loss': 0.0995311364531517, 'eval_runtime': 140.7873, 'eval_samples_per_second': 9.802, 'eval_steps_per_second': 4.901, 'epoch': 1.09}
{'loss': 0.0792, 'grad_norm': 0.4108426570892334, 'learning_rate': 0.00012663661729984976, 'epoch': 1.1}
{'loss': 0.1261, 'grad_norm': 0.22986379265785217, 'learning_rate': 0.00012620734063103673, 'epoch': 1.11}
{'loss': 0.0945, 'grad_norm': 0.3517839014530182, 'learning_rate': 0.00012577806396222367, 'epoch': 1.11}
{'loss': 0.1061, 'grad_norm': 0.24398230016231537, 'learning_rate': 0.00012534878729341062, 'epoch': 1.12}
{'loss': 0.0996, 'grad_norm': 0.31140562891960144, 'learning_rate': 0.00012491951062459756, 'epoch': 1.13}
{'loss': 0.0826, 'grad_norm': 0.4801134169101715, 'learning_rate': 0.0001244902339557845, 'epoch': 1.13}
{'loss': 0.0804, 'grad_norm': 0.27406013011932373, 'learning_rate': 0.00012406095728697148, 'epoch': 1.14}
{'loss': 0.1042, 'grad_norm': 0.2660973072052002, 'learning_rate': 0.00012363168061815843, 'epoch': 1.15}
{'loss': 0.1002, 'grad_norm': 0.397085577249527, 'learning_rate': 0.00012320240394934537, 'epoch': 1.15}
{'loss': 0.0764, 'grad_norm': 0.21729516983032227, 'learning_rate': 0.00012277312728053232, 'epoch': 1.16}
{'eval_loss': 0.09918323159217834, 'eval_runtime': 140.7656, 'eval_samples_per_second': 9.804, 'eval_steps_per_second': 4.902, 'epoch': 1.16}
{'loss': 0.0854, 'grad_norm': 0.27446702122688293, 'learning_rate': 0.00012234385061171926, 'epoch': 1.17}
{'loss': 0.0809, 'grad_norm': 0.2977466881275177, 'learning_rate': 0.00012191457394290622, 'epoch': 1.17}
{'loss': 0.0972, 'grad_norm': 0.36628225445747375, 'learning_rate': 0.00012148529727409317, 'epoch': 1.18}
{'loss': 0.0923, 'grad_norm': 0.41273173689842224, 'learning_rate': 0.00012105602060528012, 'epoch': 1.18}
{'loss': 0.0953, 'grad_norm': 0.2526537775993347, 'learning_rate': 0.00012062674393646707, 'epoch': 1.19}
{'loss': 0.0972, 'grad_norm': 0.2759210169315338, 'learning_rate': 0.00012019746726765401, 'epoch': 1.2}
{'loss': 0.1277, 'grad_norm': 0.25144776701927185, 'learning_rate': 0.00011976819059884097, 'epoch': 1.2}
{'loss': 0.0819, 'grad_norm': 0.2571922838687897, 'learning_rate': 0.00011933891393002792, 'epoch': 1.21}
{'loss': 0.0798, 'grad_norm': 0.25627022981643677, 'learning_rate': 0.00011890963726121486, 'epoch': 1.22}
{'loss': 0.0928, 'grad_norm': 0.2554374635219574, 'learning_rate': 0.00011848036059240182, 'epoch': 1.22}
{'eval_loss': 0.09790465980768204, 'eval_runtime': 140.8294, 'eval_samples_per_second': 9.799, 'eval_steps_per_second': 4.9, 'epoch': 1.22}
{'loss': 0.0685, 'grad_norm': 0.32384708523750305, 'learning_rate': 0.00011805108392358877, 'epoch': 1.23}
{'loss': 0.1178, 'grad_norm': 0.27489718794822693, 'learning_rate': 0.00011762180725477571, 'epoch': 1.24}
{'loss': 0.083, 'grad_norm': 0.22121499478816986, 'learning_rate': 0.00011719253058596267, 'epoch': 1.24}
{'loss': 0.0585, 'grad_norm': 0.3161621391773224, 'learning_rate': 0.00011676325391714962, 'epoch': 1.25}
{'loss': 0.0768, 'grad_norm': 0.25944894552230835, 'learning_rate': 0.00011633397724833657, 'epoch': 1.26}
{'loss': 0.087, 'grad_norm': 0.3631124198436737, 'learning_rate': 0.00011590470057952352, 'epoch': 1.26}
{'loss': 0.0964, 'grad_norm': 0.3000771701335907, 'learning_rate': 0.00011547542391071046, 'epoch': 1.27}
{'loss': 0.1276, 'grad_norm': 0.25178202986717224, 'learning_rate': 0.00011504614724189742, 'epoch': 1.28}
{'loss': 0.0743, 'grad_norm': 0.23525454103946686, 'learning_rate': 0.00011461687057308437, 'epoch': 1.28}
{'loss': 0.0811, 'grad_norm': 0.2718082666397095, 'learning_rate': 0.00011418759390427131, 'epoch': 1.29}
{'eval_loss': 0.09762077033519745, 'eval_runtime': 140.8175, 'eval_samples_per_second': 9.8, 'eval_steps_per_second': 4.9, 'epoch': 1.29}
{'loss': 0.0682, 'grad_norm': 0.21537154912948608, 'learning_rate': 0.00011375831723545827, 'epoch': 1.29}
{'loss': 0.0815, 'grad_norm': 0.33327555656433105, 'learning_rate': 0.00011332904056664522, 'epoch': 1.3}
{'loss': 0.1008, 'grad_norm': 0.2552468478679657, 'learning_rate': 0.00011289976389783216, 'epoch': 1.31}
{'loss': 0.1095, 'grad_norm': 0.34784501791000366, 'learning_rate': 0.00011247048722901912, 'epoch': 1.31}
{'loss': 0.0964, 'grad_norm': 0.19603215157985687, 'learning_rate': 0.00011204121056020606, 'epoch': 1.32}
{'loss': 0.1388, 'grad_norm': 0.33658143877983093, 'learning_rate': 0.00011161193389139302, 'epoch': 1.33}
{'loss': 0.0956, 'grad_norm': 0.30610230565071106, 'learning_rate': 0.00011118265722257997, 'epoch': 1.33}
{'loss': 0.0733, 'grad_norm': 0.25394609570503235, 'learning_rate': 0.00011075338055376691, 'epoch': 1.34}
{'loss': 0.0728, 'grad_norm': 0.2856605052947998, 'learning_rate': 0.00011032410388495387, 'epoch': 1.35}
{'loss': 0.1015, 'grad_norm': 0.20941251516342163, 'learning_rate': 0.00010989482721614082, 'epoch': 1.35}
{'eval_loss': 0.09636644273996353, 'eval_runtime': 141.0575, 'eval_samples_per_second': 9.783, 'eval_steps_per_second': 4.892, 'epoch': 1.35}
{'loss': 0.0692, 'grad_norm': 0.27076438069343567, 'learning_rate': 0.00010946555054732776, 'epoch': 1.36}
{'loss': 0.0944, 'grad_norm': 0.2295331507921219, 'learning_rate': 0.00010903627387851472, 'epoch': 1.37}
{'loss': 0.0683, 'grad_norm': 0.22892512381076813, 'learning_rate': 0.00010860699720970167, 'epoch': 1.37}
{'loss': 0.072, 'grad_norm': 0.2286680042743683, 'learning_rate': 0.00010817772054088861, 'epoch': 1.38}
{'loss': 0.0782, 'grad_norm': 0.21596050262451172, 'learning_rate': 0.00010774844387207557, 'epoch': 1.38}
{'loss': 0.0865, 'grad_norm': 0.20622801780700684, 'learning_rate': 0.00010731916720326251, 'epoch': 1.39}
{'loss': 0.0852, 'grad_norm': 0.22430478036403656, 'learning_rate': 0.00010688989053444947, 'epoch': 1.4}
{'loss': 0.0946, 'grad_norm': 0.28286388516426086, 'learning_rate': 0.00010646061386563642, 'epoch': 1.4}
{'loss': 0.0751, 'grad_norm': 0.3039921820163727, 'learning_rate': 0.00010603133719682336, 'epoch': 1.41}
{'loss': 0.099, 'grad_norm': 0.22556334733963013, 'learning_rate': 0.00010560206052801032, 'epoch': 1.42}
{'eval_loss': 0.09557846933603287, 'eval_runtime': 140.7174, 'eval_samples_per_second': 9.807, 'eval_steps_per_second': 4.903, 'epoch': 1.42}
{'loss': 0.1053, 'grad_norm': 0.22003623843193054, 'learning_rate': 0.00010517278385919727, 'epoch': 1.42}
{'loss': 0.0849, 'grad_norm': 0.29374822974205017, 'learning_rate': 0.00010474350719038421, 'epoch': 1.43}
{'loss': 0.1172, 'grad_norm': 0.21359659731388092, 'learning_rate': 0.00010431423052157117, 'epoch': 1.44}
{'loss': 0.0644, 'grad_norm': 0.270675927400589, 'learning_rate': 0.00010388495385275811, 'epoch': 1.44}
{'loss': 0.0918, 'grad_norm': 0.29521000385284424, 'learning_rate': 0.00010345567718394506, 'epoch': 1.45}
{'loss': 0.086, 'grad_norm': 0.23920853435993195, 'learning_rate': 0.00010302640051513202, 'epoch': 1.46}
{'loss': 0.0909, 'grad_norm': 0.33586519956588745, 'learning_rate': 0.00010259712384631896, 'epoch': 1.46}
{'loss': 0.1223, 'grad_norm': 0.27822455763816833, 'learning_rate': 0.00010216784717750592, 'epoch': 1.47}
{'loss': 0.0787, 'grad_norm': 0.2530258595943451, 'learning_rate': 0.00010173857050869287, 'epoch': 1.47}
{'loss': 0.1072, 'grad_norm': 0.2781917452812195, 'learning_rate': 0.00010130929383987981, 'epoch': 1.48}
{'eval_loss': 0.09503556042909622, 'eval_runtime': 140.7119, 'eval_samples_per_second': 9.807, 'eval_steps_per_second': 4.904, 'epoch': 1.48}
{'loss': 0.0972, 'grad_norm': 0.2862566113471985, 'learning_rate': 0.00010088001717106677, 'epoch': 1.49}
{'loss': 0.1017, 'grad_norm': 0.270598441362381, 'learning_rate': 0.00010045074050225372, 'epoch': 1.49}
{'loss': 0.0977, 'grad_norm': 0.22740010917186737, 'learning_rate': 0.00010002146383344066, 'epoch': 1.5}
{'loss': 0.1203, 'grad_norm': 0.23868060111999512, 'learning_rate': 9.95921871646276e-05, 'epoch': 1.51}
{'loss': 0.1014, 'grad_norm': 0.2729586064815521, 'learning_rate': 9.916291049581455e-05, 'epoch': 1.51}
{'loss': 0.0716, 'grad_norm': 0.27141129970550537, 'learning_rate': 9.873363382700151e-05, 'epoch': 1.52}
{'loss': 0.0849, 'grad_norm': 0.2881896197795868, 'learning_rate': 9.830435715818845e-05, 'epoch': 1.53}
{'loss': 0.0699, 'grad_norm': 0.368551105260849, 'learning_rate': 9.78750804893754e-05, 'epoch': 1.53}
{'loss': 0.0662, 'grad_norm': 0.2370036542415619, 'learning_rate': 9.744580382056236e-05, 'epoch': 1.54}
{'loss': 0.0676, 'grad_norm': 0.27896738052368164, 'learning_rate': 9.70165271517493e-05, 'epoch': 1.55}
{'eval_loss': 0.09454793483018875, 'eval_runtime': 140.742, 'eval_samples_per_second': 9.805, 'eval_steps_per_second': 4.903, 'epoch': 1.55}
{'loss': 0.088, 'grad_norm': 0.2864064574241638, 'learning_rate': 9.658725048293625e-05, 'epoch': 1.55}
{'loss': 0.0878, 'grad_norm': 0.19662465155124664, 'learning_rate': 9.61579738141232e-05, 'epoch': 1.56}
{'loss': 0.1066, 'grad_norm': 0.5728861093521118, 'learning_rate': 9.572869714531015e-05, 'epoch': 1.56}
{'loss': 0.1214, 'grad_norm': 0.32546547055244446, 'learning_rate': 9.529942047649711e-05, 'epoch': 1.57}
{'loss': 0.0606, 'grad_norm': 0.25021976232528687, 'learning_rate': 9.487014380768405e-05, 'epoch': 1.58}
{'loss': 0.1092, 'grad_norm': 0.26797130703926086, 'learning_rate': 9.4440867138871e-05, 'epoch': 1.58}
{'loss': 0.0774, 'grad_norm': 0.2383575588464737, 'learning_rate': 9.401159047005796e-05, 'epoch': 1.59}
{'loss': 0.0769, 'grad_norm': 0.19131848216056824, 'learning_rate': 9.35823138012449e-05, 'epoch': 1.6}
{'loss': 0.1094, 'grad_norm': 0.2837425768375397, 'learning_rate': 9.315303713243185e-05, 'epoch': 1.6}
{'loss': 0.0886, 'grad_norm': 0.4781685471534729, 'learning_rate': 9.27237604636188e-05, 'epoch': 1.61}
{'eval_loss': 0.09382600337266922, 'eval_runtime': 140.7425, 'eval_samples_per_second': 9.805, 'eval_steps_per_second': 4.903, 'epoch': 1.61}
{'loss': 0.095, 'grad_norm': 0.3471844792366028, 'learning_rate': 9.229448379480575e-05, 'epoch': 1.62}
{'loss': 0.0957, 'grad_norm': 0.2650662362575531, 'learning_rate': 9.18652071259927e-05, 'epoch': 1.62}
{'loss': 0.0863, 'grad_norm': 0.21571971476078033, 'learning_rate': 9.143593045717966e-05, 'epoch': 1.63}
{'loss': 0.0975, 'grad_norm': 0.26872122287750244, 'learning_rate': 9.10066537883666e-05, 'epoch': 1.64}
{'loss': 0.067, 'grad_norm': 0.28054189682006836, 'learning_rate': 9.057737711955356e-05, 'epoch': 1.64}
{'loss': 0.0765, 'grad_norm': 0.4766109585762024, 'learning_rate': 9.01481004507405e-05, 'epoch': 1.65}
{'loss': 0.0913, 'grad_norm': 0.24713532626628876, 'learning_rate': 8.971882378192745e-05, 'epoch': 1.66}
{'loss': 0.0928, 'grad_norm': 0.482381135225296, 'learning_rate': 8.928954711311441e-05, 'epoch': 1.66}
{'loss': 0.0994, 'grad_norm': 0.2462916225194931, 'learning_rate': 8.886027044430135e-05, 'epoch': 1.67}
{'loss': 0.0781, 'grad_norm': 0.3038550019264221, 'learning_rate': 8.84309937754883e-05, 'epoch': 1.67}
{'eval_loss': 0.09329497814178467, 'eval_runtime': 140.7576, 'eval_samples_per_second': 9.804, 'eval_steps_per_second': 4.902, 'epoch': 1.67}
{'loss': 0.0784, 'grad_norm': 0.20638158917427063, 'learning_rate': 8.800171710667526e-05, 'epoch': 1.68}
{'loss': 0.091, 'grad_norm': 0.32346445322036743, 'learning_rate': 8.75724404378622e-05, 'epoch': 1.69}
{'loss': 0.103, 'grad_norm': 0.18144312500953674, 'learning_rate': 8.714316376904915e-05, 'epoch': 1.69}
{'loss': 0.0879, 'grad_norm': 0.21017879247665405, 'learning_rate': 8.67138871002361e-05, 'epoch': 1.7}
{'loss': 0.0781, 'grad_norm': 0.2976005971431732, 'learning_rate': 8.628461043142305e-05, 'epoch': 1.71}
{'loss': 0.1173, 'grad_norm': 0.2584562301635742, 'learning_rate': 8.585533376261001e-05, 'epoch': 1.71}
{'loss': 0.0901, 'grad_norm': 0.21364444494247437, 'learning_rate': 8.542605709379695e-05, 'epoch': 1.72}
{'loss': 0.0736, 'grad_norm': 0.25753477215766907, 'learning_rate': 8.49967804249839e-05, 'epoch': 1.73}
{'loss': 0.0682, 'grad_norm': 0.20709127187728882, 'learning_rate': 8.456750375617086e-05, 'epoch': 1.73}
{'loss': 0.0741, 'grad_norm': 0.261996865272522, 'learning_rate': 8.41382270873578e-05, 'epoch': 1.74}
{'eval_loss': 0.09282556176185608, 'eval_runtime': 140.7227, 'eval_samples_per_second': 9.807, 'eval_steps_per_second': 4.903, 'epoch': 1.74}
{'loss': 0.1074, 'grad_norm': 0.2705640196800232, 'learning_rate': 8.370895041854475e-05, 'epoch': 1.75}
{'loss': 0.0724, 'grad_norm': 0.22763146460056305, 'learning_rate': 8.32796737497317e-05, 'epoch': 1.75}
{'loss': 0.1232, 'grad_norm': 0.24268105626106262, 'learning_rate': 8.285039708091865e-05, 'epoch': 1.76}
{'loss': 0.1547, 'grad_norm': 0.23923876881599426, 'learning_rate': 8.24211204121056e-05, 'epoch': 1.76}
{'loss': 0.1076, 'grad_norm': 0.385747492313385, 'learning_rate': 8.199184374329255e-05, 'epoch': 1.77}
{'loss': 0.0716, 'grad_norm': 0.22587352991104126, 'learning_rate': 8.15625670744795e-05, 'epoch': 1.78}
{'loss': 0.0722, 'grad_norm': 0.24512656033039093, 'learning_rate': 8.113329040566646e-05, 'epoch': 1.78}
{'loss': 0.0813, 'grad_norm': 0.23793934285640717, 'learning_rate': 8.07040137368534e-05, 'epoch': 1.79}
{'loss': 0.052, 'grad_norm': 0.3167535364627838, 'learning_rate': 8.027473706804035e-05, 'epoch': 1.8}
{'loss': 0.0869, 'grad_norm': 0.26408958435058594, 'learning_rate': 7.98454603992273e-05, 'epoch': 1.8}
{'eval_loss': 0.09205793589353561, 'eval_runtime': 142.0373, 'eval_samples_per_second': 9.716, 'eval_steps_per_second': 4.858, 'epoch': 1.8}
{'loss': 0.088, 'grad_norm': 0.2853951156139374, 'learning_rate': 7.941618373041425e-05, 'epoch': 1.81}
{'loss': 0.0662, 'grad_norm': 0.22912727296352386, 'learning_rate': 7.89869070616012e-05, 'epoch': 1.82}
{'loss': 0.073, 'grad_norm': 0.31148234009742737, 'learning_rate': 7.855763039278815e-05, 'epoch': 1.82}
{'loss': 0.1005, 'grad_norm': 0.22747109830379486, 'learning_rate': 7.81283537239751e-05, 'epoch': 1.83}
{'loss': 0.0685, 'grad_norm': 0.26264411211013794, 'learning_rate': 7.769907705516204e-05, 'epoch': 1.84}
{'loss': 0.1011, 'grad_norm': 0.2706875503063202, 'learning_rate': 7.7269800386349e-05, 'epoch': 1.84}
{'loss': 0.079, 'grad_norm': 0.3166939318180084, 'learning_rate': 7.684052371753595e-05, 'epoch': 1.85}
{'loss': 0.0886, 'grad_norm': 0.23727598786354065, 'learning_rate': 7.641124704872291e-05, 'epoch': 1.85}
{'loss': 0.1265, 'grad_norm': 0.24054619669914246, 'learning_rate': 7.598197037990985e-05, 'epoch': 1.86}
{'loss': 0.1, 'grad_norm': 0.24376875162124634, 'learning_rate': 7.55526937110968e-05, 'epoch': 1.87}
{'eval_loss': 0.09163092076778412, 'eval_runtime': 140.7428, 'eval_samples_per_second': 9.805, 'eval_steps_per_second': 4.903, 'epoch': 1.87}
{'loss': 0.069, 'grad_norm': 0.2785305082798004, 'learning_rate': 7.512341704228376e-05, 'epoch': 1.87}
{'loss': 0.0951, 'grad_norm': 0.209528386592865, 'learning_rate': 7.46941403734707e-05, 'epoch': 1.88}
{'loss': 0.0728, 'grad_norm': 0.22851765155792236, 'learning_rate': 7.426486370465765e-05, 'epoch': 1.89}
{'loss': 0.0803, 'grad_norm': 0.2400110363960266, 'learning_rate': 7.38355870358446e-05, 'epoch': 1.89}
{'loss': 0.0776, 'grad_norm': 0.22791850566864014, 'learning_rate': 7.340631036703155e-05, 'epoch': 1.9}
{'loss': 0.0621, 'grad_norm': 0.3472306728363037, 'learning_rate': 7.29770336982185e-05, 'epoch': 1.91}
{'loss': 0.0891, 'grad_norm': 0.24536390602588654, 'learning_rate': 7.254775702940545e-05, 'epoch': 1.91}
{'loss': 0.0925, 'grad_norm': 0.28389862179756165, 'learning_rate': 7.21184803605924e-05, 'epoch': 1.92}
{'loss': 0.0642, 'grad_norm': 0.21139229834079742, 'learning_rate': 7.168920369177936e-05, 'epoch': 1.93}
{'loss': 0.075, 'grad_norm': 0.2783922553062439, 'learning_rate': 7.125992702296631e-05, 'epoch': 1.93}
{'eval_loss': 0.09122208505868912, 'eval_runtime': 140.9576, 'eval_samples_per_second': 9.79, 'eval_steps_per_second': 4.895, 'epoch': 1.93}
{'loss': 0.1366, 'grad_norm': 0.24819473922252655, 'learning_rate': 7.083065035415326e-05, 'epoch': 1.94}
{'loss': 0.0883, 'grad_norm': 0.26780542731285095, 'learning_rate': 7.04013736853402e-05, 'epoch': 1.95}
{'loss': 0.0631, 'grad_norm': 0.2534559667110443, 'learning_rate': 6.997209701652716e-05, 'epoch': 1.95}
{'loss': 0.0975, 'grad_norm': 0.4067920446395874, 'learning_rate': 6.954282034771411e-05, 'epoch': 1.96}
{'loss': 0.0858, 'grad_norm': 0.2489348202943802, 'learning_rate': 6.911354367890107e-05, 'epoch': 1.96}
{'loss': 0.0949, 'grad_norm': 0.25615131855010986, 'learning_rate': 6.868426701008801e-05, 'epoch': 1.97}
{'loss': 0.0877, 'grad_norm': 0.21654529869556427, 'learning_rate': 6.825499034127496e-05, 'epoch': 1.98}
{'loss': 0.1088, 'grad_norm': 0.24027001857757568, 'learning_rate': 6.782571367246192e-05, 'epoch': 1.98}
{'loss': 0.0678, 'grad_norm': 0.21070121228694916, 'learning_rate': 6.739643700364886e-05, 'epoch': 1.99}
{'loss': 0.1389, 'grad_norm': 0.3295723795890808, 'learning_rate': 6.69671603348358e-05, 'epoch': 2.0}
{'eval_loss': 0.09063903242349625, 'eval_runtime': 140.8758, 'eval_samples_per_second': 9.796, 'eval_steps_per_second': 4.898, 'epoch': 2.0}
{'loss': 0.1239, 'grad_norm': 0.1999851018190384, 'learning_rate': 6.653788366602276e-05, 'epoch': 2.0}
{'loss': 0.0943, 'grad_norm': 0.2298111766576767, 'learning_rate': 6.610860699720971e-05, 'epoch': 2.01}
{'loss': 0.0729, 'grad_norm': 0.26693254709243774, 'learning_rate': 6.567933032839665e-05, 'epoch': 2.02}
{'loss': 0.0833, 'grad_norm': 0.2634626030921936, 'learning_rate': 6.525005365958361e-05, 'epoch': 2.02}
{'loss': 0.0971, 'grad_norm': 0.2317996770143509, 'learning_rate': 6.482077699077056e-05, 'epoch': 2.03}
{'loss': 0.0724, 'grad_norm': 0.27345481514930725, 'learning_rate': 6.439150032195752e-05, 'epoch': 2.03}
{'loss': 0.055, 'grad_norm': 0.2829560339450836, 'learning_rate': 6.396222365314446e-05, 'epoch': 2.04}
{'loss': 0.0783, 'grad_norm': 0.2142225056886673, 'learning_rate': 6.35329469843314e-05, 'epoch': 2.05}
{'loss': 0.0626, 'grad_norm': 0.2389964759349823, 'learning_rate': 6.310367031551836e-05, 'epoch': 2.05}
{'loss': 0.0697, 'grad_norm': 0.2687901556491852, 'learning_rate': 6.267439364670531e-05, 'epoch': 2.06}
{'eval_loss': 0.09032989293336868, 'eval_runtime': 140.6905, 'eval_samples_per_second': 9.809, 'eval_steps_per_second': 4.904, 'epoch': 2.06}
{'loss': 0.0648, 'grad_norm': 0.35894259810447693, 'learning_rate': 6.224511697789225e-05, 'epoch': 2.07}
{'loss': 0.0953, 'grad_norm': 0.2594442069530487, 'learning_rate': 6.181584030907921e-05, 'epoch': 2.07}
{'loss': 0.069, 'grad_norm': 0.2100440263748169, 'learning_rate': 6.138656364026616e-05, 'epoch': 2.08}
{'loss': 0.095, 'grad_norm': 0.281206876039505, 'learning_rate': 6.095728697145311e-05, 'epoch': 2.09}
{'loss': 0.0849, 'grad_norm': 0.340212881565094, 'learning_rate': 6.052801030264006e-05, 'epoch': 2.09}
{'loss': 0.065, 'grad_norm': 0.27150753140449524, 'learning_rate': 6.009873363382701e-05, 'epoch': 2.1}
{'loss': 0.0761, 'grad_norm': 0.2749475836753845, 'learning_rate': 5.966945696501396e-05, 'epoch': 2.11}
{'loss': 0.0744, 'grad_norm': 0.25435084104537964, 'learning_rate': 5.924018029620091e-05, 'epoch': 2.11}
{'loss': 0.089, 'grad_norm': 0.2520727515220642, 'learning_rate': 5.8810903627387856e-05, 'epoch': 2.12}
{'loss': 0.0586, 'grad_norm': 0.27228790521621704, 'learning_rate': 5.838162695857481e-05, 'epoch': 2.12}
{'eval_loss': 0.08994575589895248, 'eval_runtime': 140.5358, 'eval_samples_per_second': 9.82, 'eval_steps_per_second': 4.91, 'epoch': 2.12}
{'loss': 0.0812, 'grad_norm': 0.3187099099159241, 'learning_rate': 5.795235028976176e-05, 'epoch': 2.13}
{'loss': 0.0786, 'grad_norm': 0.3226293921470642, 'learning_rate': 5.752307362094871e-05, 'epoch': 2.14}
{'loss': 0.0702, 'grad_norm': 0.24143913388252258, 'learning_rate': 5.7093796952135656e-05, 'epoch': 2.14}
{'loss': 0.0764, 'grad_norm': 0.29158422350883484, 'learning_rate': 5.666452028332261e-05, 'epoch': 2.15}
{'loss': 0.0948, 'grad_norm': 0.24493779242038727, 'learning_rate': 5.623524361450956e-05, 'epoch': 2.16}
{'loss': 0.0868, 'grad_norm': 0.23245686292648315, 'learning_rate': 5.580596694569651e-05, 'epoch': 2.16}
{'loss': 0.0695, 'grad_norm': 0.2927335202693939, 'learning_rate': 5.5376690276883456e-05, 'epoch': 2.17}
{'loss': 0.0561, 'grad_norm': 0.32330456376075745, 'learning_rate': 5.494741360807041e-05, 'epoch': 2.18}
{'loss': 0.055, 'grad_norm': 0.2448788434267044, 'learning_rate': 5.451813693925736e-05, 'epoch': 2.18}
{'loss': 0.0829, 'grad_norm': 0.259927362203598, 'learning_rate': 5.4088860270444305e-05, 'epoch': 2.19}
{'eval_loss': 0.08953890949487686, 'eval_runtime': 140.5568, 'eval_samples_per_second': 9.818, 'eval_steps_per_second': 4.909, 'epoch': 2.19}
{'loss': 0.0759, 'grad_norm': 0.2580469846725464, 'learning_rate': 5.365958360163126e-05, 'epoch': 2.2}
{'loss': 0.0699, 'grad_norm': 0.2826634347438812, 'learning_rate': 5.323030693281821e-05, 'epoch': 2.2}
{'loss': 0.0877, 'grad_norm': 0.26773929595947266, 'learning_rate': 5.280103026400516e-05, 'epoch': 2.21}
{'loss': 0.0805, 'grad_norm': 0.2623789608478546, 'learning_rate': 5.2371753595192105e-05, 'epoch': 2.22}
{'loss': 0.056, 'grad_norm': 0.2555363178253174, 'learning_rate': 5.194247692637906e-05, 'epoch': 2.22}
{'loss': 0.0785, 'grad_norm': 0.2609587609767914, 'learning_rate': 5.151320025756601e-05, 'epoch': 2.23}
{'loss': 0.0722, 'grad_norm': 0.22635458409786224, 'learning_rate': 5.108392358875296e-05, 'epoch': 2.23}
{'loss': 0.0583, 'grad_norm': 0.27502456307411194, 'learning_rate': 5.0654646919939906e-05, 'epoch': 2.24}
{'loss': 0.1241, 'grad_norm': 0.27560189366340637, 'learning_rate': 5.022537025112686e-05, 'epoch': 2.25}
{'loss': 0.0936, 'grad_norm': 0.23989731073379517, 'learning_rate': 4.97960935823138e-05, 'epoch': 2.25}
{'eval_loss': 0.08906973153352737, 'eval_runtime': 140.5095, 'eval_samples_per_second': 9.821, 'eval_steps_per_second': 4.911, 'epoch': 2.25}
{'loss': 0.0563, 'grad_norm': 0.2559179961681366, 'learning_rate': 4.9366816913500754e-05, 'epoch': 2.26}
{'loss': 0.0732, 'grad_norm': 0.2548174262046814, 'learning_rate': 4.89375402446877e-05, 'epoch': 2.27}
{'loss': 0.0955, 'grad_norm': 0.24290944635868073, 'learning_rate': 4.850826357587465e-05, 'epoch': 2.27}
{'loss': 0.0887, 'grad_norm': 0.24575313925743103, 'learning_rate': 4.80789869070616e-05, 'epoch': 2.28}
{'loss': 0.0626, 'grad_norm': 0.3081894814968109, 'learning_rate': 4.7649710238248555e-05, 'epoch': 2.29}
{'loss': 0.0517, 'grad_norm': 0.23537367582321167, 'learning_rate': 4.72204335694355e-05, 'epoch': 2.29}
{'loss': 0.0753, 'grad_norm': 0.3311785161495209, 'learning_rate': 4.679115690062245e-05, 'epoch': 2.3}
{'loss': 0.1146, 'grad_norm': 0.44842904806137085, 'learning_rate': 4.63618802318094e-05, 'epoch': 2.31}
{'loss': 0.067, 'grad_norm': 0.2385655790567398, 'learning_rate': 4.593260356299635e-05, 'epoch': 2.31}
{'loss': 0.06, 'grad_norm': 0.2430378496646881, 'learning_rate': 4.55033268941833e-05, 'epoch': 2.32}
{'eval_loss': 0.08878698945045471, 'eval_runtime': 140.8062, 'eval_samples_per_second': 9.801, 'eval_steps_per_second': 4.9, 'epoch': 2.32}
{'loss': 0.063, 'grad_norm': 0.3261535167694092, 'learning_rate': 4.507405022537025e-05, 'epoch': 2.32}
{'loss': 0.0693, 'grad_norm': 0.287973016500473, 'learning_rate': 4.4644773556557204e-05, 'epoch': 2.33}
{'loss': 0.0621, 'grad_norm': 0.3216930031776428, 'learning_rate': 4.421549688774415e-05, 'epoch': 2.34}
{'loss': 0.0557, 'grad_norm': 0.22390246391296387, 'learning_rate': 4.37862202189311e-05, 'epoch': 2.34}
{'loss': 0.1342, 'grad_norm': 0.21027781069278717, 'learning_rate': 4.335694355011805e-05, 'epoch': 2.35}
{'loss': 0.0846, 'grad_norm': 0.20015013217926025, 'learning_rate': 4.2927666881305004e-05, 'epoch': 2.36}
{'loss': 0.0597, 'grad_norm': 0.2337438315153122, 'learning_rate': 4.249839021249195e-05, 'epoch': 2.36}
{'loss': 0.0886, 'grad_norm': 0.34058669209480286, 'learning_rate': 4.20691135436789e-05, 'epoch': 2.37}
{'loss': 0.0717, 'grad_norm': 0.22826164960861206, 'learning_rate': 4.163983687486585e-05, 'epoch': 2.38}
{'loss': 0.075, 'grad_norm': 0.315140962600708, 'learning_rate': 4.12105602060528e-05, 'epoch': 2.38}
{'eval_loss': 0.08843808621168137, 'eval_runtime': 140.5431, 'eval_samples_per_second': 9.819, 'eval_steps_per_second': 4.91, 'epoch': 2.38}
{'loss': 0.0918, 'grad_norm': 0.2607487142086029, 'learning_rate': 4.078128353723975e-05, 'epoch': 2.39}
{'loss': 0.0624, 'grad_norm': 0.3139893710613251, 'learning_rate': 4.03520068684267e-05, 'epoch': 2.4}
{'loss': 0.0633, 'grad_norm': 0.28914690017700195, 'learning_rate': 3.992273019961365e-05, 'epoch': 2.4}
{'loss': 0.0678, 'grad_norm': 0.2737247943878174, 'learning_rate': 3.94934535308006e-05, 'epoch': 2.41}
{'loss': 0.0787, 'grad_norm': 0.2727127969264984, 'learning_rate': 3.906417686198755e-05, 'epoch': 2.41}
{'loss': 0.0945, 'grad_norm': 0.3139253258705139, 'learning_rate': 3.86349001931745e-05, 'epoch': 2.42}
{'loss': 0.0822, 'grad_norm': 0.2460532784461975, 'learning_rate': 3.8205623524361453e-05, 'epoch': 2.43}
{'loss': 0.0728, 'grad_norm': 0.2684604823589325, 'learning_rate': 3.77763468555484e-05, 'epoch': 2.43}
{'loss': 0.0916, 'grad_norm': 0.22188590466976166, 'learning_rate': 3.734707018673535e-05, 'epoch': 2.44}
{'loss': 0.0701, 'grad_norm': 0.21869252622127533, 'learning_rate': 3.69177935179223e-05, 'epoch': 2.45}
{'eval_loss': 0.08793813735246658, 'eval_runtime': 140.5258, 'eval_samples_per_second': 9.82, 'eval_steps_per_second': 4.91, 'epoch': 2.45}
{'loss': 0.0763, 'grad_norm': 0.26352763175964355, 'learning_rate': 3.648851684910925e-05, 'epoch': 2.45}
{'loss': 0.0883, 'grad_norm': 0.2712670564651489, 'learning_rate': 3.60592401802962e-05, 'epoch': 2.46}
{'loss': 0.1058, 'grad_norm': 0.21136488020420074, 'learning_rate': 3.562996351148316e-05, 'epoch': 2.47}
{'loss': 0.0941, 'grad_norm': 0.2817177176475525, 'learning_rate': 3.52006868426701e-05, 'epoch': 2.47}
{'loss': 0.0649, 'grad_norm': 0.2651444375514984, 'learning_rate': 3.4771410173857054e-05, 'epoch': 2.48}
{'loss': 0.087, 'grad_norm': 0.2749800980091095, 'learning_rate': 3.4342133505044006e-05, 'epoch': 2.49}
{'loss': 0.0838, 'grad_norm': 0.23363849520683289, 'learning_rate': 3.391285683623096e-05, 'epoch': 2.49}
{'loss': 0.0885, 'grad_norm': 0.3565548062324524, 'learning_rate': 3.34835801674179e-05, 'epoch': 2.5}
{'loss': 0.0611, 'grad_norm': 0.2572552263736725, 'learning_rate': 3.3054303498604855e-05, 'epoch': 2.51}
{'loss': 0.0946, 'grad_norm': 0.28799912333488464, 'learning_rate': 3.2625026829791806e-05, 'epoch': 2.51}
{'eval_loss': 0.08783873170614243, 'eval_runtime': 140.5768, 'eval_samples_per_second': 9.817, 'eval_steps_per_second': 4.908, 'epoch': 2.51}
{'loss': 0.0647, 'grad_norm': 0.25365498661994934, 'learning_rate': 3.219575016097876e-05, 'epoch': 2.52}
{'loss': 0.0801, 'grad_norm': 0.24022871255874634, 'learning_rate': 3.17664734921657e-05, 'epoch': 2.52}
{'loss': 0.0936, 'grad_norm': 0.24916552007198334, 'learning_rate': 3.1337196823352655e-05, 'epoch': 2.53}
{'loss': 0.0722, 'grad_norm': 0.2239941507577896, 'learning_rate': 3.090792015453961e-05, 'epoch': 2.54}
{'loss': 0.0839, 'grad_norm': 0.27532467246055603, 'learning_rate': 3.0478643485726555e-05, 'epoch': 2.54}
{'loss': 0.0833, 'grad_norm': 0.3755497932434082, 'learning_rate': 3.0049366816913504e-05, 'epoch': 2.55}
{'loss': 0.0733, 'grad_norm': 0.2833441197872162, 'learning_rate': 2.9620090148100455e-05, 'epoch': 2.56}
{'loss': 0.0733, 'grad_norm': 0.3599967062473297, 'learning_rate': 2.9190813479287404e-05, 'epoch': 2.56}
{'loss': 0.1082, 'grad_norm': 0.330267995595932, 'learning_rate': 2.8761536810474356e-05, 'epoch': 2.57}
{'loss': 0.0717, 'grad_norm': 0.24554488062858582, 'learning_rate': 2.8332260141661304e-05, 'epoch': 2.58}
{'eval_loss': 0.08735935389995575, 'eval_runtime': 140.4264, 'eval_samples_per_second': 9.827, 'eval_steps_per_second': 4.914, 'epoch': 2.58}
{'loss': 0.0975, 'grad_norm': 0.2621379494667053, 'learning_rate': 2.7902983472848256e-05, 'epoch': 2.58}
{'loss': 0.0735, 'grad_norm': 0.2573360800743103, 'learning_rate': 2.7473706804035204e-05, 'epoch': 2.59}
{'loss': 0.1127, 'grad_norm': 0.25573259592056274, 'learning_rate': 2.7044430135222153e-05, 'epoch': 2.6}
{'loss': 0.0861, 'grad_norm': 0.3362315595149994, 'learning_rate': 2.6615153466409104e-05, 'epoch': 2.6}
{'loss': 0.0547, 'grad_norm': 0.27735307812690735, 'learning_rate': 2.6185876797596053e-05, 'epoch': 2.61}
{'loss': 0.1043, 'grad_norm': 0.2443365603685379, 'learning_rate': 2.5756600128783005e-05, 'epoch': 2.61}
{'loss': 0.0812, 'grad_norm': 0.24517108500003815, 'learning_rate': 2.5327323459969953e-05, 'epoch': 2.62}
{'loss': 0.0767, 'grad_norm': 0.2573224604129791, 'learning_rate': 2.48980467911569e-05, 'epoch': 2.63}
{'loss': 0.0662, 'grad_norm': 0.2847404479980469, 'learning_rate': 2.446877012234385e-05, 'epoch': 2.63}
{'loss': 0.0677, 'grad_norm': 0.22936919331550598, 'learning_rate': 2.40394934535308e-05, 'epoch': 2.64}
{'eval_loss': 0.08724965900182724, 'eval_runtime': 140.5757, 'eval_samples_per_second': 9.817, 'eval_steps_per_second': 4.908, 'epoch': 2.64}
{'loss': 0.0652, 'grad_norm': 0.29697713255882263, 'learning_rate': 2.361021678471775e-05, 'epoch': 2.65}
{'loss': 0.0937, 'grad_norm': 0.3116053640842438, 'learning_rate': 2.31809401159047e-05, 'epoch': 2.65}
{'loss': 0.0835, 'grad_norm': 0.3401024639606476, 'learning_rate': 2.275166344709165e-05, 'epoch': 2.66}
{'loss': 0.0813, 'grad_norm': 0.21135878562927246, 'learning_rate': 2.2322386778278602e-05, 'epoch': 2.67}
{'loss': 0.0921, 'grad_norm': 0.2655874192714691, 'learning_rate': 2.189311010946555e-05, 'epoch': 2.67}
{'loss': 0.0723, 'grad_norm': 0.2872111201286316, 'learning_rate': 2.1463833440652502e-05, 'epoch': 2.68}
{'loss': 0.1128, 'grad_norm': 0.2611031234264374, 'learning_rate': 2.103455677183945e-05, 'epoch': 2.69}
{'loss': 0.0629, 'grad_norm': 0.3389386236667633, 'learning_rate': 2.06052801030264e-05, 'epoch': 2.69}
{'loss': 0.0877, 'grad_norm': 0.307912677526474, 'learning_rate': 2.017600343421335e-05, 'epoch': 2.7}
{'loss': 0.121, 'grad_norm': 0.23524858057498932, 'learning_rate': 1.97467267654003e-05, 'epoch': 2.7}
{'eval_loss': 0.08687577396631241, 'eval_runtime': 141.7211, 'eval_samples_per_second': 9.737, 'eval_steps_per_second': 4.869, 'epoch': 2.7}
{'loss': 0.1378, 'grad_norm': 0.31630462408065796, 'learning_rate': 1.931745009658725e-05, 'epoch': 2.71}
{'loss': 0.0702, 'grad_norm': 0.31019553542137146, 'learning_rate': 1.88881734277742e-05, 'epoch': 2.72}
{'loss': 0.0751, 'grad_norm': 0.21272416412830353, 'learning_rate': 1.845889675896115e-05, 'epoch': 2.72}
{'loss': 0.0586, 'grad_norm': 0.2592262923717499, 'learning_rate': 1.80296200901481e-05, 'epoch': 2.73}
{'loss': 0.0851, 'grad_norm': 0.26247841119766235, 'learning_rate': 1.760034342133505e-05, 'epoch': 2.74}
{'loss': 0.0693, 'grad_norm': 0.2759019434452057, 'learning_rate': 1.7171066752522003e-05, 'epoch': 2.74}
{'loss': 0.0693, 'grad_norm': 0.23352712392807007, 'learning_rate': 1.674179008370895e-05, 'epoch': 2.75}
{'loss': 0.0595, 'grad_norm': 0.22034195065498352, 'learning_rate': 1.6312513414895903e-05, 'epoch': 2.76}
{'loss': 0.0635, 'grad_norm': 0.25807294249534607, 'learning_rate': 1.588323674608285e-05, 'epoch': 2.76}
{'loss': 0.0508, 'grad_norm': 0.28391245007514954, 'learning_rate': 1.5453960077269803e-05, 'epoch': 2.77}
{'eval_loss': 0.08668726682662964, 'eval_runtime': 140.6519, 'eval_samples_per_second': 9.811, 'eval_steps_per_second': 4.906, 'epoch': 2.77}
{'loss': 0.0778, 'grad_norm': 0.25321051478385925, 'learning_rate': 1.5024683408456752e-05, 'epoch': 2.78}
{'loss': 0.1194, 'grad_norm': 0.3327615559101105, 'learning_rate': 1.4595406739643702e-05, 'epoch': 2.78}
{'loss': 0.0884, 'grad_norm': 0.37297704815864563, 'learning_rate': 1.4166130070830652e-05, 'epoch': 2.79}
{'loss': 0.0798, 'grad_norm': 0.2637704610824585, 'learning_rate': 1.3736853402017602e-05, 'epoch': 2.79}
{'loss': 0.1167, 'grad_norm': 0.28744933009147644, 'learning_rate': 1.3307576733204552e-05, 'epoch': 2.8}
{'loss': 0.1013, 'grad_norm': 0.28993281722068787, 'learning_rate': 1.2878300064391502e-05, 'epoch': 2.81}
{'loss': 0.1047, 'grad_norm': 0.2527395486831665, 'learning_rate': 1.244902339557845e-05, 'epoch': 2.81}
{'loss': 0.071, 'grad_norm': 0.250543475151062, 'learning_rate': 1.20197467267654e-05, 'epoch': 2.82}
{'loss': 0.1359, 'grad_norm': 0.25891029834747314, 'learning_rate': 1.159047005795235e-05, 'epoch': 2.83}
{'loss': 0.0706, 'grad_norm': 0.31821209192276, 'learning_rate': 1.1161193389139301e-05, 'epoch': 2.83}
{'eval_loss': 0.08639861643314362, 'eval_runtime': 140.3412, 'eval_samples_per_second': 9.833, 'eval_steps_per_second': 4.917, 'epoch': 2.83}
{'loss': 0.0768, 'grad_norm': 0.23770460486412048, 'learning_rate': 1.0731916720326251e-05, 'epoch': 2.84}
{'loss': 0.0798, 'grad_norm': 0.3115817606449127, 'learning_rate': 1.03026400515132e-05, 'epoch': 2.85}
{'loss': 0.0797, 'grad_norm': 0.24442678689956665, 'learning_rate': 9.87336338270015e-06, 'epoch': 2.85}
{'loss': 0.0807, 'grad_norm': 0.2534894049167633, 'learning_rate': 9.4440867138871e-06, 'epoch': 2.86}
{'loss': 0.083, 'grad_norm': 0.33975911140441895, 'learning_rate': 9.01481004507405e-06, 'epoch': 2.87}
{'loss': 0.0655, 'grad_norm': 0.2589656412601471, 'learning_rate': 8.585533376261002e-06, 'epoch': 2.87}
{'loss': 0.0727, 'grad_norm': 0.24702076613903046, 'learning_rate': 8.156256707447952e-06, 'epoch': 2.88}
{'loss': 0.079, 'grad_norm': 0.2936558425426483, 'learning_rate': 7.726980038634902e-06, 'epoch': 2.89}
{'loss': 0.0814, 'grad_norm': 0.3266533613204956, 'learning_rate': 7.297703369821851e-06, 'epoch': 2.89}
{'loss': 0.0702, 'grad_norm': 0.23526531457901, 'learning_rate': 6.868426701008801e-06, 'epoch': 2.9}
{'eval_loss': 0.08635082840919495, 'eval_runtime': 140.3564, 'eval_samples_per_second': 9.832, 'eval_steps_per_second': 4.916, 'epoch': 2.9}
{'loss': 0.0542, 'grad_norm': 0.29029133915901184, 'learning_rate': 6.439150032195751e-06, 'epoch': 2.9}
{'loss': 0.0969, 'grad_norm': 0.23799507319927216, 'learning_rate': 6.0098733633827e-06, 'epoch': 2.91}
{'loss': 0.0733, 'grad_norm': 0.3145272433757782, 'learning_rate': 5.5805966945696505e-06, 'epoch': 2.92}
{'loss': 0.0667, 'grad_norm': 0.2634645700454712, 'learning_rate': 5.1513200257566e-06, 'epoch': 2.92}
{'loss': 0.1005, 'grad_norm': 0.3089131712913513, 'learning_rate': 4.72204335694355e-06, 'epoch': 2.93}
{'loss': 0.0495, 'grad_norm': 0.35196495056152344, 'learning_rate': 4.292766688130501e-06, 'epoch': 2.94}
{'loss': 0.1204, 'grad_norm': 0.45535480976104736, 'learning_rate': 3.863490019317451e-06, 'epoch': 2.94}
{'loss': 0.0669, 'grad_norm': 0.31210842728614807, 'learning_rate': 3.4342133505044005e-06, 'epoch': 2.95}
{'loss': 0.0551, 'grad_norm': 0.23286841809749603, 'learning_rate': 3.00493668169135e-06, 'epoch': 2.96}
{'loss': 0.0731, 'grad_norm': 0.304017037153244, 'learning_rate': 2.5756600128783e-06, 'epoch': 2.96}
{'eval_loss': 0.08623190224170685, 'eval_runtime': 140.778, 'eval_samples_per_second': 9.803, 'eval_steps_per_second': 4.901, 'epoch': 2.96}
{'loss': 0.0686, 'grad_norm': 0.281948059797287, 'learning_rate': 2.1463833440652504e-06, 'epoch': 2.97}
{'loss': 0.0913, 'grad_norm': 0.2937205135822296, 'learning_rate': 1.7171066752522003e-06, 'epoch': 2.98}
{'loss': 0.0735, 'grad_norm': 0.2866102159023285, 'learning_rate': 1.28783000643915e-06, 'epoch': 2.98}
{'loss': 0.0784, 'grad_norm': 0.24123626947402954, 'learning_rate': 8.585533376261001e-07, 'epoch': 2.99}
{'loss': 0.1012, 'grad_norm': 0.25612103939056396, 'learning_rate': 4.2927666881305006e-07, 'epoch': 2.99}
{'train_runtime': 13691.3259, 'train_samples_per_second': 2.721, 'train_steps_per_second': 0.34, 'train_loss': 0.11516609120123324, 'epoch': 3.0}
